// fpgac, 1.0.beta-3A  SVN: $Revision: 53 $, "Mon Sep  3 20:57:08 2007"
// part=4003pc84
initializers_4/Running^CLK = VCC;
initializers_4/T1/Start^CLK = ~initializers_4/Running;
initializers_4/state/C1 = initializers_4/T1/Start;
port(io/out_0)^CLK = (initializers_4/T14/word_1)+(initializers_4/T18/tree2_0);
port(io/out_1)^CLK = (initializers_4/T29/word_1)+(initializers_4/T33/tree2_0);
port(io/out_2)^CLK = (initializers_4/T44/word_1)+(initializers_4/T48/tree2_0);
port(io/out_3)^CLK = (initializers_4/T59/word_1)+(initializers_4/T63/tree2_0);
RAM16_abc_0[initializers_4/bc/index_p0_0,initializers_4/bc/index_p0_1,initializers_4/bc/index_p0_2,initializers_4/bc/index_p0_3]^CLK = GND;
RAM16_abc_1[initializers_4/bc/index_p0_0,initializers_4/bc/index_p0_1,initializers_4/bc/index_p0_2,initializers_4/bc/index_p0_3]^CLK = GND;
RAM16_abc_2[initializers_4/bc/index_p0_0,initializers_4/bc/index_p0_1,initializers_4/bc/index_p0_2,initializers_4/bc/index_p0_3]^CLK = GND;
RAM16_abc_3[initializers_4/bc/index_p0_0,initializers_4/bc/index_p0_1,initializers_4/bc/index_p0_2,initializers_4/bc/index_p0_3]^CLK = GND;
RAM16_abc_4[initializers_4/bc/index_p0_0,initializers_4/bc/index_p0_1,initializers_4/bc/index_p0_2,initializers_4/bc/index_p0_3]^CLK = GND;
RAM16_abc_5[initializers_4/bc/index_p0_0,initializers_4/bc/index_p0_1,initializers_4/bc/index_p0_2,initializers_4/bc/index_p0_3]^CLK = GND;
RAM16_abc_6[initializers_4/bc/index_p0_0,initializers_4/bc/index_p0_1,initializers_4/bc/index_p0_2,initializers_4/bc/index_p0_3]^CLK = GND;
RAM16_abc_7[initializers_4/bc/index_p0_0,initializers_4/bc/index_p0_1,initializers_4/bc/index_p0_2,initializers_4/bc/index_p0_3]^CLK = GND;
initializers_4/bc/index_p0_0^CLK = GND;
initializers_4/bc/index_p0_1^CLK = GND;
initializers_4/bc/index_p0_2^CLK = GND;
initializers_4/bc/index_p0_3^CLK = GND;
initializers_4/main/S0/bc/p1_0 = RAM16_initializers_4/main/S0/bc/p1_0[initializers_4/main/S0/bc/index_p1_0,initializers_4/main/S0/bc/index_p1_1,initializers_4/main/S0/bc/index_p1_2,initializers_4/main/S0/bc/index_p1_3];
initializers_4/main/S0/bc/p1_1 = RAM16_initializers_4/main/S0/bc/p1_1[initializers_4/main/S0/bc/index_p1_0,initializers_4/main/S0/bc/index_p1_1,initializers_4/main/S0/bc/index_p1_2,initializers_4/main/S0/bc/index_p1_3];
initializers_4/main/S0/bc/p1_2 = RAM16_initializers_4/main/S0/bc/p1_2[initializers_4/main/S0/bc/index_p1_0,initializers_4/main/S0/bc/index_p1_1,initializers_4/main/S0/bc/index_p1_2,initializers_4/main/S0/bc/index_p1_3];
initializers_4/main/S0/bc/p1_3 = RAM16_initializers_4/main/S0/bc/p1_3[initializers_4/main/S0/bc/index_p1_0,initializers_4/main/S0/bc/index_p1_1,initializers_4/main/S0/bc/index_p1_2,initializers_4/main/S0/bc/index_p1_3];
initializers_4/main/S0/bc/index_p1_0 = initializers_4/T1/Start;
initializers_4/main/S0/bc/index_p1_1 = (initializers_4/main/S0/T5/voltick)+(initializers_4/T1/Start);
initializers_4/main/S0/bc/index_p1_2 = (initializers_4/main/S0/T5/voltick)+(initializers_4/main/S0/T2/voltick);
initializers_4/main/S0/bc/index_p1_3 = GND;
initializers_4/main/S0/T2/voltick^CLK = initializers_4/state/C1;
initializers_4/main/S0/T5/voltick^CLK = initializers_4/main/S0/T2/voltick;
initializers_4/T14/word_1 = (io/out_0*~initializers_4/main/S0/T5/voltick*~initializers_4/main/S0/T2/voltick*~initializers_4/T1/Start);
initializers_4/T18/tree2_0 = (initializers_4/main/S0/T5/voltick*initializers_4/main/S0/bc/p1_0)+(initializers_4/main/S0/T2/voltick*initializers_4/main/S0/bc/p1_0)+(initializers_4/state/C1*initializers_4/main/S0/bc/p1_0);
initializers_4/T29/word_1 = (io/out_1*~initializers_4/main/S0/T5/voltick*~initializers_4/main/S0/T2/voltick*~initializers_4/T1/Start);
initializers_4/T33/tree2_0 = (initializers_4/main/S0/T5/voltick*initializers_4/main/S0/bc/p1_1)+(initializers_4/main/S0/T2/voltick*initializers_4/main/S0/bc/p1_1)+(initializers_4/state/C1*initializers_4/main/S0/bc/p1_1);
initializers_4/T44/word_1 = (io/out_2*~initializers_4/main/S0/T5/voltick*~initializers_4/main/S0/T2/voltick*~initializers_4/T1/Start);
initializers_4/T48/tree2_0 = (initializers_4/main/S0/T5/voltick*initializers_4/main/S0/bc/p1_2)+(initializers_4/main/S0/T2/voltick*initializers_4/main/S0/bc/p1_2)+(initializers_4/state/C1*initializers_4/main/S0/bc/p1_2);
initializers_4/T59/word_1 = (io/out_3*~initializers_4/main/S0/T5/voltick*~initializers_4/main/S0/T2/voltick*~initializers_4/T1/Start);
initializers_4/T63/tree2_0 = (initializers_4/main/S0/T5/voltick*initializers_4/main/S0/bc/p1_3)+(initializers_4/main/S0/T2/voltick*initializers_4/main/S0/bc/p1_3)+(initializers_4/state/C1*initializers_4/main/S0/bc/p1_3);
