// fpgac, 1.0.beta-3A  SVN: $Revision: 53 $, "Tue Aug  1 21:10:16 2006"
// part=4003pc84
initializers_4/Running^CLK = VCC;
initializers_4/T1/Start^CLK = ~initializers_4/Running;
initializers_4/state/C1 = initializers_4/T1/Start;
port(io/out_0)^CLK = (initializers_4/T14_word_2)+(initializers_4/T14_word_1)+(initializers_4/T18_tree2_0);
port(io/out_1)^CLK = (initializers_4/T29_word_2)+(initializers_4/T29_word_1)+(initializers_4/T33_tree2_0);
port(io/out_2)^CLK = (initializers_4/T44_word_2)+(initializers_4/T44_word_1)+(initializers_4/T48_tree2_0);
port(io/out_3)^CLK = (initializers_4/T59_word_2)+(initializers_4/T59_word_1)+(initializers_4/T63_tree2_0);
RAM16_abc_0[initializers_4abc_index_p0_0,initializers_4abc_index_p0_1,initializers_4abc_index_p0_2,initializers_4abc_index_p0_3]^CLK = GND;
RAM16_abc_1[initializers_4abc_index_p0_0,initializers_4abc_index_p0_1,initializers_4abc_index_p0_2,initializers_4abc_index_p0_3]^CLK = GND;
RAM16_abc_2[initializers_4abc_index_p0_0,initializers_4abc_index_p0_1,initializers_4abc_index_p0_2,initializers_4abc_index_p0_3]^CLK = GND;
RAM16_abc_3[initializers_4abc_index_p0_0,initializers_4abc_index_p0_1,initializers_4abc_index_p0_2,initializers_4abc_index_p0_3]^CLK = GND;
initializers_4abc_index_p0_0^CLK = GND;
initializers_4abc_index_p0_1^CLK = GND;
initializers_4abc_index_p0_2^CLK = GND;
initializers_4abc_index_p0_3^CLK = GND;
initializers_4/main/S0abc_p1_0 = RAM16_initializers_4/main/S0abc_p1_0[initializers_4/main/S0abc_index_p1_0,initializers_4/main/S0abc_index_p1_1,initializers_4/main/S0abc_index_p1_2,initializers_4/main/S0abc_index_p1_3];
initializers_4/main/S0abc_p1_1 = RAM16_initializers_4/main/S0abc_p1_1[initializers_4/main/S0abc_index_p1_0,initializers_4/main/S0abc_index_p1_1,initializers_4/main/S0abc_index_p1_2,initializers_4/main/S0abc_index_p1_3];
initializers_4/main/S0abc_p1_2 = RAM16_initializers_4/main/S0abc_p1_2[initializers_4/main/S0abc_index_p1_0,initializers_4/main/S0abc_index_p1_1,initializers_4/main/S0abc_index_p1_2,initializers_4/main/S0abc_index_p1_3];
initializers_4/main/S0abc_p1_3 = RAM16_initializers_4/main/S0abc_p1_3[initializers_4/main/S0abc_index_p1_0,initializers_4/main/S0abc_index_p1_1,initializers_4/main/S0abc_index_p1_2,initializers_4/main/S0abc_index_p1_3];
initializers_4/main/S0abc_index_p1_0 = initializers_4/T1/Start;
initializers_4/main/S0abc_index_p1_1 = (initializers_4/main/S0/T3/volstate)+(initializers_4/T1/Start);
initializers_4/main/S0abc_index_p1_2 = VCC;
initializers_4/main/S0abc_index_p1_3 = GND;
initializers_4/main/S0abc_p2_0 = RAM16_initializers_4/main/S0abc_p2_0[initializers_4/main/S0abc_index_p2_0,initializers_4/main/S0abc_index_p2_1,initializers_4/main/S0abc_index_p2_2,initializers_4/main/S0abc_index_p2_3];
initializers_4/main/S0abc_p2_1 = RAM16_initializers_4/main/S0abc_p2_1[initializers_4/main/S0abc_index_p2_0,initializers_4/main/S0abc_index_p2_1,initializers_4/main/S0abc_index_p2_2,initializers_4/main/S0abc_index_p2_3];
initializers_4/main/S0abc_p2_2 = RAM16_initializers_4/main/S0abc_p2_2[initializers_4/main/S0abc_index_p2_0,initializers_4/main/S0abc_index_p2_1,initializers_4/main/S0abc_index_p2_2,initializers_4/main/S0abc_index_p2_3];
initializers_4/main/S0abc_p2_3 = RAM16_initializers_4/main/S0abc_p2_3[initializers_4/main/S0abc_index_p2_0,initializers_4/main/S0abc_index_p2_1,initializers_4/main/S0abc_index_p2_2,initializers_4/main/S0abc_index_p2_3];
initializers_4/main/S0abc_index_p2_0^CLK = GND;
initializers_4/main/S0abc_index_p2_1^CLK = GND;
initializers_4/main/S0abc_index_p2_2 = VCC;
initializers_4/main/S0abc_index_p2_3^CLK = GND;
initializers_4/main/S0/T3/volstate^CLK = initializers_4/state/C1;
initializers_4/main/S0/T6/volstate^CLK = initializers_4/main/S0/T3/volstate;
initializers_4/T14_word_1 = (initializers_4/main/S0/T6/volstate*initializers_4/main/S0abc_p1_0);
initializers_4/T14_word_2 = (out_0*~initializers_4/main/S0/T6/volstate*~initializers_4/main/S0/T3/volstate*~initializers_4/T1/Start);
initializers_4/T18_tree2_0 = (initializers_4/main/S0/T3/volstate*initializers_4/main/S0abc_p2_0)+(initializers_4/state/C1*initializers_4/main/S0abc_p1_0);
initializers_4/T29_word_1 = (initializers_4/main/S0/T6/volstate*initializers_4/main/S0abc_p1_1);
initializers_4/T29_word_2 = (out_1*~initializers_4/main/S0/T6/volstate*~initializers_4/main/S0/T3/volstate*~initializers_4/T1/Start);
initializers_4/T33_tree2_0 = (initializers_4/main/S0/T3/volstate*initializers_4/main/S0abc_p2_1)+(initializers_4/state/C1*initializers_4/main/S0abc_p1_1);
initializers_4/T44_word_1 = (initializers_4/main/S0/T6/volstate*initializers_4/main/S0abc_p1_2);
initializers_4/T44_word_2 = (out_2*~initializers_4/main/S0/T6/volstate*~initializers_4/main/S0/T3/volstate*~initializers_4/T1/Start);
initializers_4/T48_tree2_0 = (initializers_4/main/S0/T3/volstate*initializers_4/main/S0abc_p2_2)+(initializers_4/state/C1*initializers_4/main/S0abc_p1_2);
initializers_4/T59_word_1 = (initializers_4/main/S0/T6/volstate*initializers_4/main/S0abc_p1_3);
initializers_4/T59_word_2 = (out_3*~initializers_4/main/S0/T6/volstate*~initializers_4/main/S0/T3/volstate*~initializers_4/T1/Start);
initializers_4/T63_tree2_0 = (initializers_4/main/S0/T3/volstate*initializers_4/main/S0abc_p2_3)+(initializers_4/state/C1*initializers_4/main/S0abc_p1_3);
