// fpgac, 1.0.beta-3A  SVN: $Revision: 53 $, "Tue Aug  1 18:09:05 2006"
// part=4003pc84
initializers_4_Running^CLK = VCC;
initializers_4_T1__Start^CLK = ~initializers_4_Running;
initializers_4__state_C1 = initializers_4_T1__Start;
port(out_0)^CLK = (initializers_4_T14_word_2)+(initializers_4_T14_word_1)+(initializers_4_T18_tree2_0);
port(out_1)^CLK = (initializers_4_T29_word_2)+(initializers_4_T29_word_1)+(initializers_4_T33_tree2_0);
port(out_2)^CLK = (initializers_4_T44_word_2)+(initializers_4_T44_word_1)+(initializers_4_T48_tree2_0);
port(out_3)^CLK = (initializers_4_T59_word_2)+(initializers_4_T59_word_1)+(initializers_4_T63_tree2_0);
RAM16_abc_0[initializers_4abc_index_p0_0,initializers_4abc_index_p0_1,initializers_4abc_index_p0_2,initializers_4abc_index_p0_3]^CLK = GND;
RAM16_abc_1[initializers_4abc_index_p0_0,initializers_4abc_index_p0_1,initializers_4abc_index_p0_2,initializers_4abc_index_p0_3]^CLK = GND;
RAM16_abc_2[initializers_4abc_index_p0_0,initializers_4abc_index_p0_1,initializers_4abc_index_p0_2,initializers_4abc_index_p0_3]^CLK = GND;
RAM16_abc_3[initializers_4abc_index_p0_0,initializers_4abc_index_p0_1,initializers_4abc_index_p0_2,initializers_4abc_index_p0_3]^CLK = GND;
initializers_4abc_index_p0_0^CLK = GND;
initializers_4abc_index_p0_1^CLK = GND;
initializers_4abc_index_p0_2^CLK = GND;
initializers_4abc_index_p0_3^CLK = GND;
initializers_4_main_S0abc_p1_0 = RAM16_initializers_4_main_S0abc_p1_0[initializers_4_main_S0abc_index_p1_0,initializers_4_main_S0abc_index_p1_1,initializers_4_main_S0abc_index_p1_2,initializers_4_main_S0abc_index_p1_3];
initializers_4_main_S0abc_p1_1 = RAM16_initializers_4_main_S0abc_p1_1[initializers_4_main_S0abc_index_p1_0,initializers_4_main_S0abc_index_p1_1,initializers_4_main_S0abc_index_p1_2,initializers_4_main_S0abc_index_p1_3];
initializers_4_main_S0abc_p1_2 = RAM16_initializers_4_main_S0abc_p1_2[initializers_4_main_S0abc_index_p1_0,initializers_4_main_S0abc_index_p1_1,initializers_4_main_S0abc_index_p1_2,initializers_4_main_S0abc_index_p1_3];
initializers_4_main_S0abc_p1_3 = RAM16_initializers_4_main_S0abc_p1_3[initializers_4_main_S0abc_index_p1_0,initializers_4_main_S0abc_index_p1_1,initializers_4_main_S0abc_index_p1_2,initializers_4_main_S0abc_index_p1_3];
initializers_4_main_S0abc_index_p1_0 = initializers_4_T1__Start;
initializers_4_main_S0abc_index_p1_1 = (initializers_4_main_S0_T3_volatile)+(initializers_4_T1__Start);
initializers_4_main_S0abc_index_p1_2 = VCC;
initializers_4_main_S0abc_index_p1_3 = GND;
initializers_4_main_S0abc_p2_0 = RAM16_initializers_4_main_S0abc_p2_0[initializers_4_main_S0abc_index_p2_0,initializers_4_main_S0abc_index_p2_1,initializers_4_main_S0abc_index_p2_2,initializers_4_main_S0abc_index_p2_3];
initializers_4_main_S0abc_p2_1 = RAM16_initializers_4_main_S0abc_p2_1[initializers_4_main_S0abc_index_p2_0,initializers_4_main_S0abc_index_p2_1,initializers_4_main_S0abc_index_p2_2,initializers_4_main_S0abc_index_p2_3];
initializers_4_main_S0abc_p2_2 = RAM16_initializers_4_main_S0abc_p2_2[initializers_4_main_S0abc_index_p2_0,initializers_4_main_S0abc_index_p2_1,initializers_4_main_S0abc_index_p2_2,initializers_4_main_S0abc_index_p2_3];
initializers_4_main_S0abc_p2_3 = RAM16_initializers_4_main_S0abc_p2_3[initializers_4_main_S0abc_index_p2_0,initializers_4_main_S0abc_index_p2_1,initializers_4_main_S0abc_index_p2_2,initializers_4_main_S0abc_index_p2_3];
initializers_4_main_S0abc_index_p2_0^CLK = GND;
initializers_4_main_S0abc_index_p2_1^CLK = GND;
initializers_4_main_S0abc_index_p2_2 = VCC;
initializers_4_main_S0abc_index_p2_3^CLK = GND;
initializers_4_main_S0_T3_volatile^CLK = initializers_4__state_C1;
initializers_4_main_S0_T6_volatile^CLK = initializers_4_main_S0_T3_volatile;
initializers_4_T14_word_1 = (initializers_4_main_S0_T6_volatile*initializers_4_main_S0abc_p1_0);
initializers_4_T14_word_2 = (out_0*~initializers_4_main_S0_T6_volatile*~initializers_4_main_S0_T3_volatile*~initializers_4_T1__Start);
initializers_4_T18_tree2_0 = (initializers_4_main_S0_T3_volatile*initializers_4_main_S0abc_p2_0)+(initializers_4__state_C1*initializers_4_main_S0abc_p1_0);
initializers_4_T29_word_1 = (initializers_4_main_S0_T6_volatile*initializers_4_main_S0abc_p1_1);
initializers_4_T29_word_2 = (out_1*~initializers_4_main_S0_T6_volatile*~initializers_4_main_S0_T3_volatile*~initializers_4_T1__Start);
initializers_4_T33_tree2_0 = (initializers_4_main_S0_T3_volatile*initializers_4_main_S0abc_p2_1)+(initializers_4__state_C1*initializers_4_main_S0abc_p1_1);
initializers_4_T44_word_1 = (initializers_4_main_S0_T6_volatile*initializers_4_main_S0abc_p1_2);
initializers_4_T44_word_2 = (out_2*~initializers_4_main_S0_T6_volatile*~initializers_4_main_S0_T3_volatile*~initializers_4_T1__Start);
initializers_4_T48_tree2_0 = (initializers_4_main_S0_T3_volatile*initializers_4_main_S0abc_p2_2)+(initializers_4__state_C1*initializers_4_main_S0abc_p1_2);
initializers_4_T59_word_1 = (initializers_4_main_S0_T6_volatile*initializers_4_main_S0abc_p1_3);
initializers_4_T59_word_2 = (out_3*~initializers_4_main_S0_T6_volatile*~initializers_4_main_S0_T3_volatile*~initializers_4_T1__Start);
initializers_4_T63_tree2_0 = (initializers_4_main_S0_T3_volatile*initializers_4_main_S0abc_p2_3)+(initializers_4__state_C1*initializers_4_main_S0abc_p1_3);
