// fpgac, 1.0.beta-3A  SVN: $Revision: 53 $, "Tue Aug  1 21:10:15 2006"
// part=4003pc84
test/Running^CLK = VCC;
test/T1/Start^CLK = ~test/Running;
io/a_0^CLK = port(io/a_0);
io/a_1^CLK = port(io/a_1);
io/b_0^CLK = port(io/b_0);
io/b_1^CLK = port(io/b_1);
port(io/out_0)^(CLK*test/main/S0/T1/looptop) = (io/a_0*test/main/S0/loopvar_0);
port(io/out_1)^(CLK*test/main/S0/T1/looptop) = (io/a_1*test/main/S0/loopvar_1);
test/main/S0/loopvar_0^(CLK*test/main/S0/T1/looptop) = ~test/main/S0/loopvar_0;
test/main/S0/loopvar_1^(CLK*test/main/S0/T1/looptop) = (test/main/S0/loopvar_0*~test/main/S0/loopvar_1)+(~test/main/S0/loopvar_0*test/main/S0/loopvar_1);
test/main/S0/T1/looptop^CLK = (test/main/S0/T1/looptop)+(test/T1/Start);
