library ieee;
use ieee.std_logic_1164.all;
use ieee.std_logic_arith.all;
use ieee.std_logic_unsigned.all;

-- fpgac 1.0.beta-3A  SVN: $Revision: 53 $ Tue Aug  1 21:10:16 2006

entity <stdin is port(
	CLK : in std_logic;
	RESET : in std_logic;
	a : in std_logic_vector(2 downto 0);
	b : in std_logic_vector(2 downto 0);
	sum_of_products : out std_logic_vector(2 downto 0)
);
end;

architecture arch_<stdin of <stdin is

	signal test_Running : std_logic;
	signal test_T1__Start : std_logic;
	signal test__state_C1 : std_logic;
	signal test_main_S0_ : std_logic_vector(2 downto 0);
	signal test_main_S0_ : std_logic_vector(2 downto 0);
	signal test_main_S0_sum_of_product : std_logic_vector(2 downto 0);
	signal test_main_S0_loopva : std_logic_vector(2 downto 0);
	signal test_main_S0_T12_looptop : std_logic;
	signal test_main_S0_T13_endloop : std_logic;
	signal test_main_S0_T31_looptop : std_logic;
	signal test_main_S0_T32_endloop : std_logic;
	signal test_T10_twoop : std_logic;
	signal test_T19_twoop : std_logic;
	signal test_T28_twoop : std_logic;
	signal FFin_test_Running : std_logic;
	signal FFin_test_T1__Start : std_logic;
	signal FFin_test_main_S0_sum_of_product : std_logic_vector(2 downto 0);
	signal FFin_test_main_S0_loopva : std_logic_vector(2 downto 0);
	signal FFin_test_main_S0_T12_looptop : std_logic;
	signal FFin_test_main_S0_T13_endloop : std_logic;
	signal FFin_test_main_S0_T31_looptop : std_logic;
	signal FFin_test_main_S0_T32_endloop : std_logic;


begin

	T_a <= a;
	T_b <= b;
	sum_of_products <= T_sum_of_products;

	FFin_test_Running <= '1';
	FFin_test_T1__Start <= not test_Running;
	test__state_C1 <= test_T1__Start;
	FFin_test_main_S0_sum_of_products_0 <= (test_T10_twoop and test_main_S0_b_0 and test_main_S0_loopvar_0) or (test_main_S0_T32_endloop and test_main_S0_b_0 and test_main_S0_loopvar_0) or (test_T10_twoop and not test_main_S0_T32_endloop);
	FFin_test_main_S0_sum_of_products_1 <= (test_T19_twoop and test_main_S0_b_1 and test_main_S0_loopvar_1) or (test_main_S0_T32_endloop and test_main_S0_b_1 and test_main_S0_loopvar_1) or (test_T19_twoop and not test_main_S0_T32_endloop);
	FFin_test_main_S0_sum_of_products_2 <= (test_T28_twoop and test_main_S0_b_2 and test_main_S0_loopvar_2) or (test_main_S0_T32_endloop and test_main_S0_b_2 and test_main_S0_loopvar_2) or (test_T28_twoop and not test_main_S0_T32_endloop);
	FFin_test_main_S0_loopvar_0 <= (not test_main_S0_T13_endloop and test_main_S0_loopvar_0 and not test__state_C1) or (test_main_S0_T13_endloop and not test_main_S0_loopvar_0) or (test_T1__Start and not test_main_S0_loopvar_0) or (not test_main_S0_T13_endloop and test_T1__Start);
	FFin_test_main_S0_loopvar_1 <= (test_main_S0_loopvar_0 and test_main_S0_T13_endloop and not test_main_S0_loopvar_1) or (not test_main_S0_T13_endloop and test_main_S0_loopvar_1 and not test__state_C1) or (not test_main_S0_loopvar_0 and test_main_S0_loopvar_1 and not test__state_C1) or (not test_main_S0_loopvar_0 and test_main_S0_T13_endloop and test_main_S0_loopvar_1);
	FFin_test_main_S0_loopvar_2 <= (not test_main_S0_T13_endloop and test_main_S0_loopvar_2 and not test__state_C1) or (test_main_S0_T29_twoop_2);
	FFin_test_main_S0_T12_looptop <= '0';
	FFin_test_main_S0_T13_endloop <= (test_main_S0_T12_looptop) or (test_T1__Start);
	test_main_S0_T29_twoop_2 <= (test_main_S0_T13_endloop and not test_main_S0_loopvar_2 and test_main_S0_loopvar_0 and test_main_S0_loopvar_1) or (test_main_S0_T13_endloop and test_main_S0_loopvar_2 and not test_main_S0_loopvar_1) or (test_main_S0_T13_endloop and test_main_S0_loopvar_2 and not test_main_S0_loopvar_0);
	FFin_test_main_S0_T31_looptop <= '0';
	FFin_test_main_S0_T32_endloop <= (test_main_S0_T31_looptop) or (test_main_S0_T13_endloop);
	test_T10_twoop <= (test_main_S0_sum_of_products_0 and test_main_S0_a_0 and test_main_S0_loopvar_0) or (test_main_S0_T13_endloop and test_main_S0_a_0 and test_main_S0_loopvar_0) or (test_main_S0_sum_of_products_0 and not test_main_S0_T13_endloop);
	test_T19_twoop <= (test_main_S0_sum_of_products_1 and test_main_S0_a_1 and test_main_S0_loopvar_1) or (test_main_S0_T13_endloop and test_main_S0_a_1 and test_main_S0_loopvar_1) or (test_main_S0_sum_of_products_1 and not test_main_S0_T13_endloop);
	test_T28_twoop <= (test_main_S0_sum_of_products_2 and test_main_S0_a_2 and test_main_S0_loopvar_2) or (test_main_S0_T13_endloop and test_main_S0_a_2 and test_main_S0_loopvar_2) or (test_main_S0_sum_of_products_2 and not test_main_S0_T13_endloop);


process(RESET, CLK) begin


	if (RESET = '1') then

		test_Running <= '0';
		test_T1__Start <= '0';
		T_sum_of_products <= "000";
		T_loopvar <= "000";
		test_main_S0_T12_looptop <= '0';
		test_main_S0_T13_endloop <= '0';
		test_main_S0_T31_looptop <= '0';
		test_main_S0_T32_endloop <= '0';

	elsif (CLK'event and CLK = '1') then

		test_Running <= FFin_test_Running;
		test_T1__Start <= FFin_test_T1__Start;
		T_sum_of_products <= FFin_T_sum_of_products;
		T_loopvar <= FFin_T_loopvar;
		test_main_S0_T12_looptop <= FFin_test_main_S0_T12_looptop;
		test_main_S0_T13_endloop <= FFin_test_main_S0_T13_endloop;
		test_main_S0_T31_looptop <= FFin_test_main_S0_T31_looptop;
		test_main_S0_T32_endloop <= FFin_test_main_S0_T32_endloop;
	end if;

end process;

end arch_<stdin;
