// fpgac, 1.0.beta-3A  SVN: $Revision: 53 $, "Tue Jul 31 01:12:44 2007"
// part=4003pc84
volatile_1/Running^CLK = VCC;
volatile_1/T1/Start^CLK = ~volatile_1/Running;
volatile_1/state/C1 = volatile_1/T1/Start;
port(io/out)^CLK = (volatile_1/T14/word_1)+(volatile_1/main/S0/T3/voltick)+(volatile_1/T1/Start);
volatile_1/main/S0/T1/voltick^CLK = volatile_1/state/C1;
volatile_1/main/S0/T3/voltick^CLK = volatile_1/main/S0/T1/voltick;
volatile_1/main/S0/T5/voltick^CLK = volatile_1/main/S0/T3/voltick;
volatile_1/T14/word_1 = (io/out*~volatile_1/main/S0/T5/voltick*~volatile_1/main/S0/T1/voltick);
