library ieee;
use ieee.std_logic_1164.all;
use ieee.std_logic_arith.all;
use ieee.std_logic_unsigned.all;

-- fpgac 1.0.beta-3A  SVN: $Revision: 53 $ Tue Aug  1 21:10:17 2006

entity <stdin is port(
	CLK : in std_logic;
	RESET : in std_logic;
	out : out std_logic_vector(7 downto 0)
);
end;

architecture arch_<stdin of <stdin is

	signal expr_1_Running : std_logic;
	signal expr_1_T1__Start : std_logic;
	signal expr_1__state_C1 : std_logic;
	signal ou : std_logic_vector(7 downto 0);
	signal expr_1_main_S0_ : std_logic_vector(15 downto 0);
	signal expr_1_main_S0_T31_looptop : std_logic;
	signal expr_1_main_S0_T33_strin : std_logic_vector(7 downto 0);
	signal expr_1_main_S0expr_1_main_S0_T33_string_index_p : std_logic_vector(3 downto 0);
	signal expr_1_main_S0expr_1_main_S0_T33_string_p : std_logic_vector(7 downto 0);
	signal expr_1_main_S0expr_1_main_S0_T33_string_index_p : std_logic_vector(3 downto 0);
	signal expr_1_main_S0_i_3F0 : std_logic;
	signal expr_1_main_S0_i_6F0 : std_logic;
	signal expr_1_main_S0_i_9F0 : std_logic;
	signal expr_1_main_S0_i_10F0 : std_logic;
	signal expr_1_main_S0_i_11F0 : std_logic;
	signal expr_1_main_S0_i_12F0 : std_logic;
	signal expr_1_main_S0_i_13F0 : std_logic;
	signal expr_1_main_S0_i_14F0 : std_logic;
	signal expr_1_main_S0_i_15F0 : std_logic;
	signal expr_1_main_S0_T91_twoop : std_logic;
	signal FFin_expr_1_Running : std_logic;
	signal FFin_expr_1_T1__Start : std_logic;
	signal FFin_ou : std_logic_vector(7 downto 0);
	signal FFin_expr_1_main_S0_ : std_logic_vector(15 downto 0);
	signal FFin_expr_1_main_S0_T31_looptop : std_logic;
	signal FFin_expr_1_main_S0expr_1_main_S0_T33_string_index_p : std_logic_vector(3 downto 0);


begin

	out <= T_out;

	FFin_expr_1_Running <= '1';
	FFin_expr_1_T1__Start <= not expr_1_Running;
	expr_1__state_C1 <= expr_1_T1__Start;
	FFin_out_0 <= expr_1_main_S0expr_1_main_S0_T33_string_p1_0;
	FFin_out_1 <= expr_1_main_S0expr_1_main_S0_T33_string_p1_1;
	FFin_out_2 <= expr_1_main_S0expr_1_main_S0_T33_string_p1_2;
	FFin_out_3 <= expr_1_main_S0expr_1_main_S0_T33_string_p1_3;
	FFin_out_4 <= expr_1_main_S0expr_1_main_S0_T33_string_p1_4;
	FFin_out_5 <= expr_1_main_S0expr_1_main_S0_T33_string_p1_5;
	FFin_out_6 <= expr_1_main_S0expr_1_main_S0_T33_string_p1_6;
	FFin_out_7 <= expr_1_main_S0expr_1_main_S0_T33_string_p1_7;
	FFin_expr_1_main_S0_i_0 <= (not expr_1_main_S0_T31_looptop and expr_1_main_S0_i_0 and not expr_1__state_C1) or (expr_1_main_S0_T31_looptop and not expr_1_main_S0_i_0);
	FFin_expr_1_main_S0_i_1 <= (expr_1_main_S0_i_0 and expr_1_main_S0_T31_looptop and not expr_1_main_S0_i_1) or (not expr_1_main_S0_T31_looptop and expr_1_main_S0_i_1 and not expr_1__state_C1) or (not expr_1_main_S0_i_0 and expr_1_main_S0_i_1 and not expr_1__state_C1) or (not expr_1_main_S0_i_0 and expr_1_main_S0_T31_looptop and expr_1_main_S0_i_1);
	FFin_expr_1_main_S0_i_2 <= (not expr_1_main_S0_T31_looptop and expr_1_main_S0_i_2 and not expr_1__state_C1) or (expr_1_main_S0_T87_twoop_2);
	FFin_expr_1_main_S0_i_3 <= (not expr_1_main_S0_T31_looptop and expr_1_main_S0_i_3 and not expr_1__state_C1) or (expr_1_main_S0_i_3F0 and expr_1_main_S0_i_3 and not expr_1__state_C1) or (expr_1_main_S0_i_3F0 and expr_1_main_S0_T31_looptop);
	FFin_expr_1_main_S0_i_4 <= (expr_1_main_S0_T37_car_4 and expr_1_main_S0_T31_looptop and not expr_1_main_S0_i_4) or (not expr_1_main_S0_T31_looptop and expr_1_main_S0_i_4 and not expr_1__state_C1) or (not expr_1_main_S0_T37_car_4 and expr_1_main_S0_i_4 and not expr_1__state_C1) or (not expr_1_main_S0_T37_car_4 and expr_1_main_S0_T31_looptop and expr_1_main_S0_i_4);
	FFin_expr_1_main_S0_i_5 <= (not expr_1_main_S0_T31_looptop and expr_1_main_S0_i_5 and not expr_1__state_C1) or (expr_1_main_S0_T87_twoop_5);
	FFin_expr_1_main_S0_i_6 <= (not expr_1_main_S0_T31_looptop and expr_1_main_S0_i_6 and not expr_1__state_C1) or (expr_1_main_S0_i_6F0 and expr_1_main_S0_i_6 and not expr_1__state_C1) or (expr_1_main_S0_i_6F0 and expr_1_main_S0_T31_looptop);
	FFin_expr_1_main_S0_i_7 <= (expr_1_main_S0_T37_car_7 and expr_1_main_S0_T31_looptop and not expr_1_main_S0_i_7) or (not expr_1_main_S0_T31_looptop and expr_1_main_S0_i_7 and not expr_1__state_C1) or (not expr_1_main_S0_T37_car_7 and expr_1_main_S0_i_7 and not expr_1__state_C1) or (not expr_1_main_S0_T37_car_7 and expr_1_main_S0_T31_looptop and expr_1_main_S0_i_7);
	FFin_expr_1_main_S0_i_8 <= (not expr_1_main_S0_T31_looptop and expr_1_main_S0_i_8 and not expr_1__state_C1) or (expr_1_main_S0_T87_twoop_8);
	FFin_expr_1_main_S0_i_9 <= (not expr_1_main_S0_T31_looptop and expr_1_main_S0_i_9 and not expr_1__state_C1) or (expr_1_main_S0_i_9F0 and expr_1_main_S0_i_9 and not expr_1__state_C1) or (expr_1_main_S0_i_9F0 and expr_1_main_S0_T31_looptop);
	FFin_expr_1_main_S0_i_10 <= (not expr_1_main_S0_T31_looptop and expr_1_main_S0_i_10 and not expr_1__state_C1) or (expr_1_main_S0_i_10F0 and expr_1_main_S0_i_10 and not expr_1__state_C1) or (expr_1_main_S0_i_10F0 and expr_1_main_S0_T31_looptop);
	FFin_expr_1_main_S0_i_11 <= (not expr_1_main_S0_T31_looptop and expr_1_main_S0_i_11 and not expr_1__state_C1) or (expr_1_main_S0_i_11F0 and expr_1_main_S0_i_11 and not expr_1__state_C1) or (expr_1_main_S0_i_11F0 and expr_1_main_S0_T31_looptop);
	FFin_expr_1_main_S0_i_12 <= (not expr_1_main_S0_T31_looptop and expr_1_main_S0_i_12 and not expr_1__state_C1) or (expr_1_main_S0_i_12F0 and expr_1_main_S0_i_12 and not expr_1__state_C1) or (expr_1_main_S0_i_12F0 and expr_1_main_S0_T31_looptop);
	FFin_expr_1_main_S0_i_13 <= (not expr_1_main_S0_T31_looptop and expr_1_main_S0_i_13 and not expr_1__state_C1) or (expr_1_main_S0_i_13F0 and expr_1_main_S0_i_13 and not expr_1__state_C1) or (expr_1_main_S0_i_13F0 and expr_1_main_S0_T31_looptop);
	FFin_expr_1_main_S0_i_14 <= (not expr_1_main_S0_T31_looptop and expr_1_main_S0_i_14 and not expr_1__state_C1) or (expr_1_main_S0_i_14F0 and expr_1_main_S0_i_14 and not expr_1__state_C1) or (expr_1_main_S0_i_14F0 and expr_1_main_S0_T31_looptop);
	FFin_expr_1_main_S0_i_15 <= (not expr_1_main_S0_T31_looptop and expr_1_main_S0_i_15 and not expr_1__state_C1) or (expr_1_main_S0_i_15F0 and expr_1_main_S0_i_15 and not expr_1__state_C1) or (expr_1_main_S0_i_15F0 and expr_1_main_S0_T31_looptop);
	FFin_expr_1_main_S0_T31_looptop <= (expr_1_T1__Start) or (expr_1_main_S0_T91_twoop);
	expr_1_main_S0_T33_string_0 <= '0';
	expr_1_main_S0_T33_string_1 <= '0';
	expr_1_main_S0_T33_string_2 <= '0';
	expr_1_main_S0_T33_string_3 <= '0';
	expr_1_main_S0_T33_string_4 <= '0';
	expr_1_main_S0_T33_string_5 <= '0';
	expr_1_main_S0_T33_string_6 <= '0';
	expr_1_main_S0_T33_string_7 <= '0';
	FFin_expr_1_main_S0expr_1_main_S0_T33_string_index_p0_0 <= '0';
	FFin_expr_1_main_S0expr_1_main_S0_T33_string_index_p0_1 <= '0';
	FFin_expr_1_main_S0expr_1_main_S0_T33_string_index_p0_2 <= '0';
	FFin_expr_1_main_S0expr_1_main_S0_T33_string_index_p0_3 <= '0';
	expr_1_main_S0expr_1_main_S0_T33_string_p1_0 <= '0';
	expr_1_main_S0expr_1_main_S0_T33_string_p1_1 <= '0';
	expr_1_main_S0expr_1_main_S0_T33_string_p1_2 <= '0';
	expr_1_main_S0expr_1_main_S0_T33_string_p1_3 <= '0';
	expr_1_main_S0expr_1_main_S0_T33_string_p1_4 <= '0';
	expr_1_main_S0expr_1_main_S0_T33_string_p1_5 <= '0';
	expr_1_main_S0expr_1_main_S0_T33_string_p1_6 <= '0';
	expr_1_main_S0expr_1_main_S0_T33_string_p1_7 <= '0';
	expr_1_main_S0expr_1_main_S0_T33_string_index_p1_0 <= expr_1_main_S0_i_0;
	expr_1_main_S0expr_1_main_S0_T33_string_index_p1_1 <= expr_1_main_S0_i_1;
	expr_1_main_S0expr_1_main_S0_T33_string_index_p1_2 <= expr_1_main_S0_i_2;
	expr_1_main_S0expr_1_main_S0_T33_string_index_p1_3 <= expr_1_main_S0_i_3;
	expr_1_main_S0_T37_car_4 <= (expr_1_main_S0_i_3 and expr_1_main_S0_i_2 and expr_1_main_S0_i_0 and expr_1_main_S0_i_1);
	expr_1_main_S0_T37_car_7 <= (expr_1_main_S0_i_6 and expr_1_main_S0_i_5 and expr_1_main_S0_i_4 and expr_1_main_S0_T37_car_4);
	expr_1_main_S0_T37_car_8 <= (expr_1_main_S0_i_7 and expr_1_main_S0_T37_car_7);
	expr_1_main_S0_T48_add_3 <= (not expr_1_main_S0_i_11 and expr_1_main_S0_i_10 and expr_1_main_S0_i_8 and expr_1_main_S0_i_9) or (expr_1_main_S0_i_11 and not expr_1_main_S0_i_9) or (expr_1_main_S0_i_11 and not expr_1_main_S0_i_8) or (expr_1_main_S0_i_11 and not expr_1_main_S0_i_10);
	expr_1_main_S0_T48_add_6 <= (not expr_1_main_S0_i_14 and expr_1_main_S0_i_13 and expr_1_main_S0_i_12 and expr_1_main_S0_T49_car_4) or (expr_1_main_S0_i_14 and not expr_1_main_S0_T49_car_4) or (expr_1_main_S0_i_14 and not expr_1_main_S0_i_12) or (expr_1_main_S0_i_14 and not expr_1_main_S0_i_13);
	expr_1_main_S0_T49_car_4 <= (expr_1_main_S0_i_11 and expr_1_main_S0_i_10 and expr_1_main_S0_i_8 and expr_1_main_S0_i_9);
	expr_1_main_S0_T49_car_7 <= (expr_1_main_S0_i_14 and expr_1_main_S0_i_13 and expr_1_main_S0_i_12 and expr_1_main_S0_T49_car_4);
	expr_1_main_S0_T60_car_4 <= (expr_1_main_S0_i_2 and expr_1_main_S0_i_0 and expr_1_main_S0_i_1) or (not expr_1_main_S0_i_2 and not expr_1_main_S0_i_1) or (not expr_1_main_S0_i_2 and not expr_1_main_S0_i_0) or (not expr_1_main_S0_i_3);
	expr_1_main_S0_T60_car_6 <= (expr_1_main_S0_T60_car_4 and not expr_1_main_S0_i_5 and not expr_1_main_S0_i_4 and not expr_1_main_S0_T37_car_4) or (expr_1_main_S0_T60_car_4 and expr_1_main_S0_i_5 and expr_1_main_S0_i_4 and expr_1_main_S0_T37_car_4);
	expr_1_main_S0_T60_car_8 <= (expr_1_main_S0_T60_car_6 and expr_1_main_S0_T62_comp_6 and not expr_1_main_S0_i_7 and not expr_1_main_S0_T37_car_7) or (expr_1_main_S0_T60_car_6 and expr_1_main_S0_T62_comp_6 and expr_1_main_S0_i_7 and expr_1_main_S0_T37_car_7);
	expr_1_main_S0_T62_comp_6 <= (expr_1_main_S0_i_6 and expr_1_main_S0_i_5 and expr_1_main_S0_i_4 and expr_1_main_S0_T37_car_4) or (not expr_1_main_S0_i_6 and not expr_1_main_S0_T37_car_4) or (not expr_1_main_S0_i_6 and not expr_1_main_S0_i_4) or (not expr_1_main_S0_i_6 and not expr_1_main_S0_i_5);
	expr_1_main_S0_T75_sub_7 <= (expr_1_main_S0_T76_car_5 and expr_1_main_S0_T78_comp_5 and expr_1_main_S0_T78_comp_6 and not expr_1_main_S0_i_15F0) or (not expr_1_main_S0_T78_comp_6 and expr_1_main_S0_i_15F0) or (not expr_1_main_S0_T78_comp_5 and expr_1_main_S0_i_15F0) or (not expr_1_main_S0_T76_car_5 and expr_1_main_S0_i_15F0);
	expr_1_main_S0_T76_car_2 <= (expr_1_main_S0_i_7 and expr_1_main_S0_T37_car_7 and expr_1_main_S0_i_8 and expr_1_main_S0_i_9) or (not expr_1_main_S0_T37_car_7 and not expr_1_main_S0_i_8 and not expr_1_main_S0_i_9) or (not expr_1_main_S0_i_7 and not expr_1_main_S0_i_8 and not expr_1_main_S0_i_9);
	expr_1_main_S0_T76_car_5 <= (expr_1_main_S0_T76_car_2 and expr_1_main_S0_T78_comp_2 and expr_1_main_S0_T78_comp_3 and expr_1_main_S0_T78_comp_4);
	expr_1_main_S0_T78_comp_2 <= (expr_1_main_S0_T37_car_8 and expr_1_main_S0_i_10 and expr_1_main_S0_i_8 and expr_1_main_S0_i_9) or (not expr_1_main_S0_i_10 and not expr_1_main_S0_i_9) or (not expr_1_main_S0_i_10 and not expr_1_main_S0_i_8) or (not expr_1_main_S0_T37_car_8 and not expr_1_main_S0_i_10);
	expr_1_main_S0_T78_comp_3 <= (not expr_1_main_S0_T48_add_3 and expr_1_main_S0_i_7 and expr_1_main_S0_T37_car_7) or (not expr_1_main_S0_i_11 and not expr_1_main_S0_T37_car_7) or (not expr_1_main_S0_i_11 and not expr_1_main_S0_i_7) or (not expr_1_main_S0_i_11 and not expr_1_main_S0_T48_add_3);
	expr_1_main_S0_T78_comp_4 <= (expr_1_main_S0_i_7 and expr_1_main_S0_T37_car_7 and expr_1_main_S0_i_12 and expr_1_main_S0_T49_car_4) or (not expr_1_main_S0_i_12 and not expr_1_main_S0_T49_car_4) or (not expr_1_main_S0_T37_car_7 and not expr_1_main_S0_i_12) or (not expr_1_main_S0_i_7 and not expr_1_main_S0_i_12);
	expr_1_main_S0_T78_comp_5 <= (expr_1_main_S0_T37_car_8 and expr_1_main_S0_i_13 and expr_1_main_S0_i_12 and expr_1_main_S0_T49_car_4) or (not expr_1_main_S0_i_13 and not expr_1_main_S0_T49_car_4) or (not expr_1_main_S0_i_13 and not expr_1_main_S0_i_12) or (not expr_1_main_S0_T37_car_8 and not expr_1_main_S0_i_13);
	expr_1_main_S0_T78_comp_6 <= (not expr_1_main_S0_T48_add_6 and expr_1_main_S0_i_7 and expr_1_main_S0_T37_car_7) or (not expr_1_main_S0_i_14 and not expr_1_main_S0_T37_car_7) or (not expr_1_main_S0_i_14 and not expr_1_main_S0_i_7) or (not expr_1_main_S0_i_14 and not expr_1_main_S0_T48_add_6);
	expr_1_main_S0_T87_twoop_2 <= (expr_1_main_S0_T31_looptop and not expr_1_main_S0_i_2 and expr_1_main_S0_i_0 and expr_1_main_S0_i_1) or (expr_1_main_S0_T31_looptop and expr_1_main_S0_i_2 and not expr_1_main_S0_i_1) or (expr_1_main_S0_T31_looptop and expr_1_main_S0_i_2 and not expr_1_main_S0_i_0);
	expr_1_main_S0_T87_twoop_5 <= (expr_1_main_S0_T31_looptop and not expr_1_main_S0_i_5 and expr_1_main_S0_i_4 and expr_1_main_S0_T37_car_4) or (expr_1_main_S0_T31_looptop and expr_1_main_S0_i_5 and not expr_1_main_S0_T37_car_4) or (expr_1_main_S0_T31_looptop and expr_1_main_S0_i_5 and not expr_1_main_S0_i_4);
	expr_1_main_S0_T87_twoop_8 <= (expr_1_main_S0_T31_looptop and not expr_1_main_S0_i_8 and expr_1_main_S0_i_7 and expr_1_main_S0_T37_car_7) or (expr_1_main_S0_T31_looptop and expr_1_main_S0_i_8 and not expr_1_main_S0_T37_car_7) or (expr_1_main_S0_T31_looptop and expr_1_main_S0_i_8 and not expr_1_main_S0_i_7);
	expr_1_main_S0_i_3F0 <= (not expr_1_main_S0_i_3 and expr_1_main_S0_i_2 and expr_1_main_S0_i_0 and expr_1_main_S0_i_1) or (expr_1_main_S0_i_3 and not expr_1_main_S0_i_1) or (expr_1_main_S0_i_3 and not expr_1_main_S0_i_0) or (expr_1_main_S0_i_3 and not expr_1_main_S0_i_2);
	expr_1_main_S0_i_6F0 <= (not expr_1_main_S0_i_6 and expr_1_main_S0_i_5 and expr_1_main_S0_i_4 and expr_1_main_S0_T37_car_4) or (expr_1_main_S0_i_6 and not expr_1_main_S0_T37_car_4) or (expr_1_main_S0_i_6 and not expr_1_main_S0_i_4) or (expr_1_main_S0_i_6 and not expr_1_main_S0_i_5);
	expr_1_main_S0_i_9F0 <= (expr_1_main_S0_i_7 and expr_1_main_S0_T37_car_7 and expr_1_main_S0_i_8 and not expr_1_main_S0_i_9) or (not expr_1_main_S0_i_8 and expr_1_main_S0_i_9) or (not expr_1_main_S0_T37_car_7 and expr_1_main_S0_i_9) or (not expr_1_main_S0_i_7 and expr_1_main_S0_i_9);
	expr_1_main_S0_i_10F0 <= (expr_1_main_S0_T37_car_8 and not expr_1_main_S0_i_10 and expr_1_main_S0_i_8 and expr_1_main_S0_i_9) or (expr_1_main_S0_i_10 and not expr_1_main_S0_i_9) or (expr_1_main_S0_i_10 and not expr_1_main_S0_i_8) or (not expr_1_main_S0_T37_car_8 and expr_1_main_S0_i_10);
	expr_1_main_S0_i_11F0 <= (expr_1_main_S0_T48_add_3 and expr_1_main_S0_i_7 and expr_1_main_S0_T37_car_7) or (expr_1_main_S0_i_11 and not expr_1_main_S0_T37_car_7) or (expr_1_main_S0_i_11 and not expr_1_main_S0_i_7) or (expr_1_main_S0_i_11 and expr_1_main_S0_T48_add_3);
	expr_1_main_S0_i_12F0 <= (expr_1_main_S0_i_7 and expr_1_main_S0_T37_car_7 and not expr_1_main_S0_i_12 and expr_1_main_S0_T49_car_4) or (expr_1_main_S0_i_12 and not expr_1_main_S0_T49_car_4) or (not expr_1_main_S0_T37_car_7 and expr_1_main_S0_i_12) or (not expr_1_main_S0_i_7 and expr_1_main_S0_i_12);
	expr_1_main_S0_i_13F0 <= (expr_1_main_S0_T37_car_8 and not expr_1_main_S0_i_13 and expr_1_main_S0_i_12 and expr_1_main_S0_T49_car_4) or (expr_1_main_S0_i_13 and not expr_1_main_S0_T49_car_4) or (expr_1_main_S0_i_13 and not expr_1_main_S0_i_12) or (not expr_1_main_S0_T37_car_8 and expr_1_main_S0_i_13);
	expr_1_main_S0_i_14F0 <= (expr_1_main_S0_T48_add_6 and expr_1_main_S0_i_7 and expr_1_main_S0_T37_car_7) or (expr_1_main_S0_i_14 and not expr_1_main_S0_T37_car_7) or (expr_1_main_S0_i_14 and not expr_1_main_S0_i_7) or (expr_1_main_S0_i_14 and expr_1_main_S0_T48_add_6);
	expr_1_main_S0_i_15F0 <= (expr_1_main_S0_i_7 and expr_1_main_S0_T37_car_7 and not expr_1_main_S0_i_15 and expr_1_main_S0_T49_car_7) or (expr_1_main_S0_i_15 and not expr_1_main_S0_T49_car_7) or (not expr_1_main_S0_T37_car_7 and expr_1_main_S0_i_15) or (not expr_1_main_S0_i_7 and expr_1_main_S0_i_15);
	expr_1_main_S0_T91_twoop <= (expr_1_main_S0_T31_looptop and expr_1_main_S0_i_15F0 and not expr_1_main_S0_T60_car_8) or (expr_1_main_S0_T31_looptop and expr_1_main_S0_i_15F0 and expr_1_main_S0_T75_sub_7) or (expr_1_main_S0_T31_looptop and expr_1_main_S0_T60_car_8 and expr_1_main_S0_T75_sub_7);


process(RESET, CLK) begin


	if (RESET = '1') then

		expr_1_Running <= '0';
		expr_1_T1__Start <= '0';
		T_out <= "00000000";
		T_i <= "0000000000000000";
		expr_1_main_S0_T31_looptop <= '0';
		Texpr_1_main_S0_T33_string_index_p0 <= "0000";

	elsif (CLK'event and CLK = '1') then

		expr_1_Running <= FFin_expr_1_Running;
		expr_1_T1__Start <= FFin_expr_1_T1__Start;
		if (expr_1_main_S0_T31_looptop = '1') then
			T_out <= FFin_T_out;
		end if;
		T_i <= FFin_T_i;
		expr_1_main_S0_T31_looptop <= FFin_expr_1_main_S0_T31_looptop;
		Texpr_1_main_S0_T33_string_index_p0 <= FFin_Texpr_1_main_S0_T33_string_index_p0;
	end if;

end process;

end arch_<stdin;
