// fpgac, 1.0.beta-3A  SVN: $Revision: 53 $, "Tue Aug  1 18:09:05 2006"
// part=4003pc84
expr_1_Running^CLK = VCC;
expr_1_T1__Start^CLK = ~expr_1_Running;
port(out_0)^(CLK*expr_1_main_S0_T31_looptop) = expr_1_main_S0expr_1_main_S0_T33_string_p1_0;
port(out_1)^(CLK*expr_1_main_S0_T31_looptop) = expr_1_main_S0expr_1_main_S0_T33_string_p1_1;
port(out_2)^(CLK*expr_1_main_S0_T31_looptop) = expr_1_main_S0expr_1_main_S0_T33_string_p1_2;
port(out_3)^(CLK*expr_1_main_S0_T31_looptop) = expr_1_main_S0expr_1_main_S0_T33_string_p1_3;
port(out_4)^(CLK*expr_1_main_S0_T31_looptop) = expr_1_main_S0expr_1_main_S0_T33_string_p1_4;
port(out_5)^(CLK*expr_1_main_S0_T31_looptop) = expr_1_main_S0expr_1_main_S0_T33_string_p1_5;
port(out_6)^(CLK*expr_1_main_S0_T31_looptop) = expr_1_main_S0expr_1_main_S0_T33_string_p1_6;
port(out_7)^(CLK*expr_1_main_S0_T31_looptop) = expr_1_main_S0expr_1_main_S0_T33_string_p1_7;
expr_1_main_S0_i_0^(CLK*expr_1_main_S0_T31_looptop) = ~expr_1_main_S0_i_0;
expr_1_main_S0_i_1^(CLK*expr_1_main_S0_T31_looptop) = (expr_1_main_S0_i_0*~expr_1_main_S0_i_1)+(~expr_1_main_S0_i_0*expr_1_main_S0_i_1);
expr_1_main_S0_i_2^(CLK*expr_1_main_S0_T31_looptop) = (~expr_1_main_S0_i_2*expr_1_main_S0_i_0*expr_1_main_S0_i_1)+(expr_1_main_S0_i_2*~expr_1_main_S0_i_1)+(expr_1_main_S0_i_2*~expr_1_main_S0_i_0);
expr_1_main_S0_i_3^(CLK*expr_1_main_S0_T31_looptop) = expr_1_main_S0_i_3F0;
expr_1_main_S0_i_4^(CLK*expr_1_main_S0_T31_looptop) = (expr_1_main_S0_i_4*~expr_1_main_S0_T37_car_4)+(~expr_1_main_S0_i_4*expr_1_main_S0_T37_car_4);
expr_1_main_S0_i_5^(CLK*expr_1_main_S0_T31_looptop) = (~expr_1_main_S0_i_5*expr_1_main_S0_i_4*expr_1_main_S0_T37_car_4)+(expr_1_main_S0_i_5*~expr_1_main_S0_T37_car_4)+(expr_1_main_S0_i_5*~expr_1_main_S0_i_4);
expr_1_main_S0_i_6^(CLK*expr_1_main_S0_T31_looptop) = expr_1_main_S0_i_6F0;
expr_1_main_S0_i_7^(CLK*expr_1_main_S0_T31_looptop) = (expr_1_main_S0_i_7*~expr_1_main_S0_T37_car_7)+(~expr_1_main_S0_i_7*expr_1_main_S0_T37_car_7);
expr_1_main_S0_i_8^(CLK*expr_1_main_S0_T31_looptop) = (~expr_1_main_S0_i_8*expr_1_main_S0_i_7*expr_1_main_S0_T37_car_7)+(expr_1_main_S0_i_8*~expr_1_main_S0_T37_car_7)+(expr_1_main_S0_i_8*~expr_1_main_S0_i_7);
expr_1_main_S0_i_9^(CLK*expr_1_main_S0_T31_looptop) = expr_1_main_S0_i_9F0;
expr_1_main_S0_i_10^(CLK*expr_1_main_S0_T31_looptop) = expr_1_main_S0_i_10F0;
expr_1_main_S0_i_11^(CLK*expr_1_main_S0_T31_looptop) = expr_1_main_S0_i_11F0;
expr_1_main_S0_i_12^(CLK*expr_1_main_S0_T31_looptop) = expr_1_main_S0_i_12F0;
expr_1_main_S0_i_13^(CLK*expr_1_main_S0_T31_looptop) = expr_1_main_S0_i_13F0;
expr_1_main_S0_i_14^(CLK*expr_1_main_S0_T31_looptop) = expr_1_main_S0_i_14F0;
expr_1_main_S0_i_15^(CLK*expr_1_main_S0_T31_looptop) = expr_1_main_S0_i_15F0;
expr_1_main_S0_T31_looptop^CLK = (expr_1_T1__Start)+(expr_1_main_S0_T91_twoop);
expr_1_main_S0_T33_string_0 = GND;
expr_1_main_S0_T33_string_1 = GND;
expr_1_main_S0_T33_string_2 = GND;
expr_1_main_S0_T33_string_3 = GND;
expr_1_main_S0_T33_string_4 = GND;
expr_1_main_S0_T33_string_5 = GND;
expr_1_main_S0_T33_string_6 = GND;
expr_1_main_S0_T33_string_7 = GND;
expr_1_main_S0expr_1_main_S0_T33_string_index_p0_0^CLK = GND;
expr_1_main_S0expr_1_main_S0_T33_string_index_p0_1^CLK = GND;
expr_1_main_S0expr_1_main_S0_T33_string_index_p0_2^CLK = GND;
expr_1_main_S0expr_1_main_S0_T33_string_index_p0_3^CLK = GND;
expr_1_main_S0expr_1_main_S0_T33_string_p1_0 = (null)expr_1_main_S0expr_1_main_S0_T33_string_p1_0[expr_1_main_S0expr_1_main_S0_T33_string_index_p1_0,expr_1_main_S0expr_1_main_S0_T33_string_index_p1_1,expr_1_main_S0expr_1_main_S0_T33_string_index_p1_2,expr_1_main_S0expr_1_main_S0_T33_string_index_p1_3];
expr_1_main_S0expr_1_main_S0_T33_string_p1_1 = (null)expr_1_main_S0expr_1_main_S0_T33_string_p1_1[expr_1_main_S0expr_1_main_S0_T33_string_index_p1_0,expr_1_main_S0expr_1_main_S0_T33_string_index_p1_1,expr_1_main_S0expr_1_main_S0_T33_string_index_p1_2,expr_1_main_S0expr_1_main_S0_T33_string_index_p1_3];
expr_1_main_S0expr_1_main_S0_T33_string_p1_2 = (null)expr_1_main_S0expr_1_main_S0_T33_string_p1_2[expr_1_main_S0expr_1_main_S0_T33_string_index_p1_0,expr_1_main_S0expr_1_main_S0_T33_string_index_p1_1,expr_1_main_S0expr_1_main_S0_T33_string_index_p1_2,expr_1_main_S0expr_1_main_S0_T33_string_index_p1_3];
expr_1_main_S0expr_1_main_S0_T33_string_p1_3 = (null)expr_1_main_S0expr_1_main_S0_T33_string_p1_3[expr_1_main_S0expr_1_main_S0_T33_string_index_p1_0,expr_1_main_S0expr_1_main_S0_T33_string_index_p1_1,expr_1_main_S0expr_1_main_S0_T33_string_index_p1_2,expr_1_main_S0expr_1_main_S0_T33_string_index_p1_3];
expr_1_main_S0expr_1_main_S0_T33_string_p1_4 = (null)expr_1_main_S0expr_1_main_S0_T33_string_p1_4[expr_1_main_S0expr_1_main_S0_T33_string_index_p1_0,expr_1_main_S0expr_1_main_S0_T33_string_index_p1_1,expr_1_main_S0expr_1_main_S0_T33_string_index_p1_2,expr_1_main_S0expr_1_main_S0_T33_string_index_p1_3];
expr_1_main_S0expr_1_main_S0_T33_string_p1_5 = (null)expr_1_main_S0expr_1_main_S0_T33_string_p1_5[expr_1_main_S0expr_1_main_S0_T33_string_index_p1_0,expr_1_main_S0expr_1_main_S0_T33_string_index_p1_1,expr_1_main_S0expr_1_main_S0_T33_string_index_p1_2,expr_1_main_S0expr_1_main_S0_T33_string_index_p1_3];
expr_1_main_S0expr_1_main_S0_T33_string_p1_6 = (null)expr_1_main_S0expr_1_main_S0_T33_string_p1_6[expr_1_main_S0expr_1_main_S0_T33_string_index_p1_0,expr_1_main_S0expr_1_main_S0_T33_string_index_p1_1,expr_1_main_S0expr_1_main_S0_T33_string_index_p1_2,expr_1_main_S0expr_1_main_S0_T33_string_index_p1_3];
expr_1_main_S0expr_1_main_S0_T33_string_p1_7 = (null)expr_1_main_S0expr_1_main_S0_T33_string_p1_7[expr_1_main_S0expr_1_main_S0_T33_string_index_p1_0,expr_1_main_S0expr_1_main_S0_T33_string_index_p1_1,expr_1_main_S0expr_1_main_S0_T33_string_index_p1_2,expr_1_main_S0expr_1_main_S0_T33_string_index_p1_3];
expr_1_main_S0expr_1_main_S0_T33_string_index_p1_0 = expr_1_main_S0_i_0;
expr_1_main_S0expr_1_main_S0_T33_string_index_p1_1 = expr_1_main_S0_i_1;
expr_1_main_S0expr_1_main_S0_T33_string_index_p1_2 = expr_1_main_S0_i_2;
expr_1_main_S0expr_1_main_S0_T33_string_index_p1_3 = expr_1_main_S0_i_3;
expr_1_main_S0_T37_car_4 = (expr_1_main_S0_i_3*expr_1_main_S0_i_2*expr_1_main_S0_i_0*expr_1_main_S0_i_1);
expr_1_main_S0_T37_car_7 = (expr_1_main_S0_i_6*expr_1_main_S0_i_5*expr_1_main_S0_i_4*expr_1_main_S0_T37_car_4);
expr_1_main_S0_T37_car_8 = (expr_1_main_S0_i_7*expr_1_main_S0_T37_car_7);
expr_1_main_S0_T48_add_3 = (~expr_1_main_S0_i_11*expr_1_main_S0_i_10*expr_1_main_S0_i_8*expr_1_main_S0_i_9)+(expr_1_main_S0_i_11*~expr_1_main_S0_i_9)+(expr_1_main_S0_i_11*~expr_1_main_S0_i_8)+(expr_1_main_S0_i_11*~expr_1_main_S0_i_10);
expr_1_main_S0_T48_add_6 = (~expr_1_main_S0_i_14*expr_1_main_S0_i_13*expr_1_main_S0_i_12*expr_1_main_S0_T49_car_4)+(expr_1_main_S0_i_14*~expr_1_main_S0_T49_car_4)+(expr_1_main_S0_i_14*~expr_1_main_S0_i_12)+(expr_1_main_S0_i_14*~expr_1_main_S0_i_13);
expr_1_main_S0_T49_car_4 = (expr_1_main_S0_i_11*expr_1_main_S0_i_10*expr_1_main_S0_i_8*expr_1_main_S0_i_9);
expr_1_main_S0_T49_car_7 = (expr_1_main_S0_i_14*expr_1_main_S0_i_13*expr_1_main_S0_i_12*expr_1_main_S0_T49_car_4);
expr_1_main_S0_T60_car_4 = (expr_1_main_S0_i_2*expr_1_main_S0_i_0*expr_1_main_S0_i_1)+(~expr_1_main_S0_i_2*~expr_1_main_S0_i_1)+(~expr_1_main_S0_i_2*~expr_1_main_S0_i_0)+(~expr_1_main_S0_i_3);
expr_1_main_S0_T60_car_6 = (expr_1_main_S0_T60_car_4*~expr_1_main_S0_i_5*~expr_1_main_S0_i_4*~expr_1_main_S0_T37_car_4)+(expr_1_main_S0_T60_car_4*expr_1_main_S0_i_5*expr_1_main_S0_i_4*expr_1_main_S0_T37_car_4);
expr_1_main_S0_T60_car_8 = (expr_1_main_S0_T60_car_6*expr_1_main_S0_T62_comp_6*~expr_1_main_S0_i_7*~expr_1_main_S0_T37_car_7)+(expr_1_main_S0_T60_car_6*expr_1_main_S0_T62_comp_6*expr_1_main_S0_i_7*expr_1_main_S0_T37_car_7);
expr_1_main_S0_T62_comp_6 = (expr_1_main_S0_i_6*expr_1_main_S0_i_5*expr_1_main_S0_i_4*expr_1_main_S0_T37_car_4)+(~expr_1_main_S0_i_6*~expr_1_main_S0_T37_car_4)+(~expr_1_main_S0_i_6*~expr_1_main_S0_i_4)+(~expr_1_main_S0_i_6*~expr_1_main_S0_i_5);
expr_1_main_S0_T75_sub_7 = (expr_1_main_S0_T76_car_5*expr_1_main_S0_T78_comp_5*expr_1_main_S0_T78_comp_6*~expr_1_main_S0_i_15F0)+(~expr_1_main_S0_T78_comp_6*expr_1_main_S0_i_15F0)+(~expr_1_main_S0_T78_comp_5*expr_1_main_S0_i_15F0)+(~expr_1_main_S0_T76_car_5*expr_1_main_S0_i_15F0);
expr_1_main_S0_T76_car_2 = (expr_1_main_S0_i_7*expr_1_main_S0_T37_car_7*expr_1_main_S0_i_8*expr_1_main_S0_i_9)+(~expr_1_main_S0_T37_car_7*~expr_1_main_S0_i_8*~expr_1_main_S0_i_9)+(~expr_1_main_S0_i_7*~expr_1_main_S0_i_8*~expr_1_main_S0_i_9);
expr_1_main_S0_T76_car_5 = (expr_1_main_S0_T76_car_2*expr_1_main_S0_T78_comp_2*expr_1_main_S0_T78_comp_3*expr_1_main_S0_T78_comp_4);
expr_1_main_S0_T78_comp_2 = (expr_1_main_S0_T37_car_8*expr_1_main_S0_i_10*expr_1_main_S0_i_8*expr_1_main_S0_i_9)+(~expr_1_main_S0_i_10*~expr_1_main_S0_i_9)+(~expr_1_main_S0_i_10*~expr_1_main_S0_i_8)+(~expr_1_main_S0_T37_car_8*~expr_1_main_S0_i_10);
expr_1_main_S0_T78_comp_3 = (~expr_1_main_S0_T48_add_3*expr_1_main_S0_i_7*expr_1_main_S0_T37_car_7)+(~expr_1_main_S0_i_11*~expr_1_main_S0_T37_car_7)+(~expr_1_main_S0_i_11*~expr_1_main_S0_i_7)+(~expr_1_main_S0_i_11*~expr_1_main_S0_T48_add_3);
expr_1_main_S0_T78_comp_4 = (expr_1_main_S0_i_7*expr_1_main_S0_T37_car_7*expr_1_main_S0_i_12*expr_1_main_S0_T49_car_4)+(~expr_1_main_S0_i_12*~expr_1_main_S0_T49_car_4)+(~expr_1_main_S0_T37_car_7*~expr_1_main_S0_i_12)+(~expr_1_main_S0_i_7*~expr_1_main_S0_i_12);
expr_1_main_S0_T78_comp_5 = (expr_1_main_S0_T37_car_8*expr_1_main_S0_i_13*expr_1_main_S0_i_12*expr_1_main_S0_T49_car_4)+(~expr_1_main_S0_i_13*~expr_1_main_S0_T49_car_4)+(~expr_1_main_S0_i_13*~expr_1_main_S0_i_12)+(~expr_1_main_S0_T37_car_8*~expr_1_main_S0_i_13);
expr_1_main_S0_T78_comp_6 = (~expr_1_main_S0_T48_add_6*expr_1_main_S0_i_7*expr_1_main_S0_T37_car_7)+(~expr_1_main_S0_i_14*~expr_1_main_S0_T37_car_7)+(~expr_1_main_S0_i_14*~expr_1_main_S0_i_7)+(~expr_1_main_S0_i_14*~expr_1_main_S0_T48_add_6);
expr_1_main_S0_i_3F0 = (~expr_1_main_S0_i_3*expr_1_main_S0_i_2*expr_1_main_S0_i_0*expr_1_main_S0_i_1)+(expr_1_main_S0_i_3*~expr_1_main_S0_i_1)+(expr_1_main_S0_i_3*~expr_1_main_S0_i_0)+(expr_1_main_S0_i_3*~expr_1_main_S0_i_2);
expr_1_main_S0_i_6F0 = (~expr_1_main_S0_i_6*expr_1_main_S0_i_5*expr_1_main_S0_i_4*expr_1_main_S0_T37_car_4)+(expr_1_main_S0_i_6*~expr_1_main_S0_T37_car_4)+(expr_1_main_S0_i_6*~expr_1_main_S0_i_4)+(expr_1_main_S0_i_6*~expr_1_main_S0_i_5);
expr_1_main_S0_i_9F0 = (expr_1_main_S0_i_7*expr_1_main_S0_T37_car_7*expr_1_main_S0_i_8*~expr_1_main_S0_i_9)+(~expr_1_main_S0_i_8*expr_1_main_S0_i_9)+(~expr_1_main_S0_T37_car_7*expr_1_main_S0_i_9)+(~expr_1_main_S0_i_7*expr_1_main_S0_i_9);
expr_1_main_S0_i_10F0 = (expr_1_main_S0_T37_car_8*~expr_1_main_S0_i_10*expr_1_main_S0_i_8*expr_1_main_S0_i_9)+(expr_1_main_S0_i_10*~expr_1_main_S0_i_9)+(expr_1_main_S0_i_10*~expr_1_main_S0_i_8)+(~expr_1_main_S0_T37_car_8*expr_1_main_S0_i_10);
expr_1_main_S0_i_11F0 = (expr_1_main_S0_T48_add_3*expr_1_main_S0_i_7*expr_1_main_S0_T37_car_7)+(expr_1_main_S0_i_11*~expr_1_main_S0_T37_car_7)+(expr_1_main_S0_i_11*~expr_1_main_S0_i_7)+(expr_1_main_S0_i_11*expr_1_main_S0_T48_add_3);
expr_1_main_S0_i_12F0 = (expr_1_main_S0_i_7*expr_1_main_S0_T37_car_7*~expr_1_main_S0_i_12*expr_1_main_S0_T49_car_4)+(expr_1_main_S0_i_12*~expr_1_main_S0_T49_car_4)+(~expr_1_main_S0_T37_car_7*expr_1_main_S0_i_12)+(~expr_1_main_S0_i_7*expr_1_main_S0_i_12);
expr_1_main_S0_i_13F0 = (expr_1_main_S0_T37_car_8*~expr_1_main_S0_i_13*expr_1_main_S0_i_12*expr_1_main_S0_T49_car_4)+(expr_1_main_S0_i_13*~expr_1_main_S0_T49_car_4)+(expr_1_main_S0_i_13*~expr_1_main_S0_i_12)+(~expr_1_main_S0_T37_car_8*expr_1_main_S0_i_13);
expr_1_main_S0_i_14F0 = (expr_1_main_S0_T48_add_6*expr_1_main_S0_i_7*expr_1_main_S0_T37_car_7)+(expr_1_main_S0_i_14*~expr_1_main_S0_T37_car_7)+(expr_1_main_S0_i_14*~expr_1_main_S0_i_7)+(expr_1_main_S0_i_14*expr_1_main_S0_T48_add_6);
expr_1_main_S0_i_15F0 = (expr_1_main_S0_i_7*expr_1_main_S0_T37_car_7*~expr_1_main_S0_i_15*expr_1_main_S0_T49_car_7)+(expr_1_main_S0_i_15*~expr_1_main_S0_T49_car_7)+(~expr_1_main_S0_T37_car_7*expr_1_main_S0_i_15)+(~expr_1_main_S0_i_7*expr_1_main_S0_i_15);
expr_1_main_S0_T91_twoop = (expr_1_main_S0_T31_looptop*expr_1_main_S0_i_15F0*~expr_1_main_S0_T60_car_8)+(expr_1_main_S0_T31_looptop*expr_1_main_S0_i_15F0*expr_1_main_S0_T75_sub_7)+(expr_1_main_S0_T31_looptop*expr_1_main_S0_T60_car_8*expr_1_main_S0_T75_sub_7);
