/ fpgac, 1.0.beta-3A  SVN: $Revision: 53 $, "Tue Aug  1 21:10:17 2006"
/ part=4003pc84
expr_1/Running^CLK = VCC;
expr_1/T1/Start^CLK = ~expr_1/Running;
port(out/0)^(CLK*expr_1/main/S0/T31/looptop) = expr_1/main/S0expr_1/main/S0/T33/string/p1/0;
port(out/1)^(CLK*expr_1/main/S0/T31/looptop) = expr_1/main/S0expr_1/main/S0/T33/string/p1/1;
port(out/2)^(CLK*expr_1/main/S0/T31/looptop) = expr_1/main/S0expr_1/main/S0/T33/string/p1/2;
port(out/3)^(CLK*expr_1/main/S0/T31/looptop) = expr_1/main/S0expr_1/main/S0/T33/string/p1/3;
port(out/4)^(CLK*expr_1/main/S0/T31/looptop) = expr_1/main/S0expr_1/main/S0/T33/string/p1/4;
port(out/5)^(CLK*expr_1/main/S0/T31/looptop) = expr_1/main/S0expr_1/main/S0/T33/string/p1/5;
port(out/6)^(CLK*expr_1/main/S0/T31/looptop) = expr_1/main/S0expr_1/main/S0/T33/string/p1/6;
port(out/7)^(CLK*expr_1/main/S0/T31/looptop) = expr_1/main/S0expr_1/main/S0/T33/string/p1/7;
expr_1/main/S0/i_0^(CLK*expr_1/main/S0/T31/looptop) = ~expr_1/main/S0/i_0;
expr_1/main/S0/i_1^(CLK*expr_1/main/S0/T31/looptop) = (expr_1/main/S0/i_0*~expr_1/main/S0/i_1)+(~expr_1/main/S0/i_0*expr_1/main/S0/i_1);
expr_1/main/S0/i_2^(CLK*expr_1/main/S0/T31/looptop) = (~expr_1/main/S0/i_2*expr_1/main/S0/i_0*expr_1/main/S0/i_1)+(expr_1/main/S0/i_2*~expr_1/main/S0/i_1)+(expr_1/main/S0/i_2*~expr_1/main/S0/i_0);
expr_1/main/S0/i_3^(CLK*expr_1/main/S0/T31/looptop) = expr_1/main/S0/i_3F0;
expr_1/main/S0/i_4^(CLK*expr_1/main/S0/T31/looptop) = (expr_1/main/S0/i_4*~expr_1/main/S0/T37/car/4)+(~expr_1/main/S0/i_4*expr_1/main/S0/T37/car/4);
expr_1/main/S0/i_5^(CLK*expr_1/main/S0/T31/looptop) = (~expr_1/main/S0/i_5*expr_1/main/S0/i_4*expr_1/main/S0/T37/car/4)+(expr_1/main/S0/i_5*~expr_1/main/S0/T37/car/4)+(expr_1/main/S0/i_5*~expr_1/main/S0/i_4);
expr_1/main/S0/i_6^(CLK*expr_1/main/S0/T31/looptop) = expr_1/main/S0/i_6F0;
expr_1/main/S0/i_7^(CLK*expr_1/main/S0/T31/looptop) = (expr_1/main/S0/i_7*~expr_1/main/S0/T37/car/7)+(~expr_1/main/S0/i_7*expr_1/main/S0/T37/car/7);
expr_1/main/S0/i_8^(CLK*expr_1/main/S0/T31/looptop) = (~expr_1/main/S0/i_8*expr_1/main/S0/i_7*expr_1/main/S0/T37/car/7)+(expr_1/main/S0/i_8*~expr_1/main/S0/T37/car/7)+(expr_1/main/S0/i_8*~expr_1/main/S0/i_7);
expr_1/main/S0/i_9^(CLK*expr_1/main/S0/T31/looptop) = expr_1/main/S0/i_9F0;
expr_1/main/S0/i_10^(CLK*expr_1/main/S0/T31/looptop) = expr_1/main/S0/i_10F0;
expr_1/main/S0/i_11^(CLK*expr_1/main/S0/T31/looptop) = expr_1/main/S0/i_11F0;
expr_1/main/S0/i_12^(CLK*expr_1/main/S0/T31/looptop) = expr_1/main/S0/i_12F0;
expr_1/main/S0/i_13^(CLK*expr_1/main/S0/T31/looptop) = expr_1/main/S0/i_13F0;
expr_1/main/S0/i_14^(CLK*expr_1/main/S0/T31/looptop) = expr_1/main/S0/i_14F0;
expr_1/main/S0/i_15^(CLK*expr_1/main/S0/T31/looptop) = expr_1/main/S0/i_15F0;
expr_1/main/S0/T31/looptop^CLK = (expr_1/T1/Start)+(expr_1/main/S0/T91/twoop);
expr_1/main/S0/T33/string/0 = GND;
expr_1/main/S0/T33/string/1 = GND;
expr_1/main/S0/T33/string/2 = GND;
expr_1/main/S0/T33/string/3 = GND;
expr_1/main/S0/T33/string/4 = GND;
expr_1/main/S0/T33/string/5 = GND;
expr_1/main/S0/T33/string/6 = GND;
expr_1/main/S0/T33/string/7 = GND;
expr_1/main/S0expr_1/main/S0/T33/string/index/p0/0^CLK = GND;
expr_1/main/S0expr_1/main/S0/T33/string/index/p0/1^CLK = GND;
expr_1/main/S0expr_1/main/S0/T33/string/index/p0/2^CLK = GND;
expr_1/main/S0expr_1/main/S0/T33/string/index/p0/3^CLK = GND;
expr_1/main/S0expr_1/main/S0/T33/string/p1/0 = (null)expr_1/main/S0expr_1/main/S0/T33/string/p1/0[expr_1/main/S0expr_1/main/S0/T33/string/index/p1/0,expr_1/main/S0expr_1/main/S0/T33/string/index/p1/1,expr_1/main/S0expr_1/main/S0/T33/string/index/p1/2,expr_1/main/S0expr_1/main/S0/T33/string/index/p1/3];
expr_1/main/S0expr_1/main/S0/T33/string/p1/1 = (null)expr_1/main/S0expr_1/main/S0/T33/string/p1/1[expr_1/main/S0expr_1/main/S0/T33/string/index/p1/0,expr_1/main/S0expr_1/main/S0/T33/string/index/p1/1,expr_1/main/S0expr_1/main/S0/T33/string/index/p1/2,expr_1/main/S0expr_1/main/S0/T33/string/index/p1/3];
expr_1/main/S0expr_1/main/S0/T33/string/p1/2 = (null)expr_1/main/S0expr_1/main/S0/T33/string/p1/2[expr_1/main/S0expr_1/main/S0/T33/string/index/p1/0,expr_1/main/S0expr_1/main/S0/T33/string/index/p1/1,expr_1/main/S0expr_1/main/S0/T33/string/index/p1/2,expr_1/main/S0expr_1/main/S0/T33/string/index/p1/3];
expr_1/main/S0expr_1/main/S0/T33/string/p1/3 = (null)expr_1/main/S0expr_1/main/S0/T33/string/p1/3[expr_1/main/S0expr_1/main/S0/T33/string/index/p1/0,expr_1/main/S0expr_1/main/S0/T33/string/index/p1/1,expr_1/main/S0expr_1/main/S0/T33/string/index/p1/2,expr_1/main/S0expr_1/main/S0/T33/string/index/p1/3];
expr_1/main/S0expr_1/main/S0/T33/string/p1/4 = (null)expr_1/main/S0expr_1/main/S0/T33/string/p1/4[expr_1/main/S0expr_1/main/S0/T33/string/index/p1/0,expr_1/main/S0expr_1/main/S0/T33/string/index/p1/1,expr_1/main/S0expr_1/main/S0/T33/string/index/p1/2,expr_1/main/S0expr_1/main/S0/T33/string/index/p1/3];
expr_1/main/S0expr_1/main/S0/T33/string/p1/5 = (null)expr_1/main/S0expr_1/main/S0/T33/string/p1/5[expr_1/main/S0expr_1/main/S0/T33/string/index/p1/0,expr_1/main/S0expr_1/main/S0/T33/string/index/p1/1,expr_1/main/S0expr_1/main/S0/T33/string/index/p1/2,expr_1/main/S0expr_1/main/S0/T33/string/index/p1/3];
expr_1/main/S0expr_1/main/S0/T33/string/p1/6 = (null)expr_1/main/S0expr_1/main/S0/T33/string/p1/6[expr_1/main/S0expr_1/main/S0/T33/string/index/p1/0,expr_1/main/S0expr_1/main/S0/T33/string/index/p1/1,expr_1/main/S0expr_1/main/S0/T33/string/index/p1/2,expr_1/main/S0expr_1/main/S0/T33/string/index/p1/3];
expr_1/main/S0expr_1/main/S0/T33/string/p1/7 = (null)expr_1/main/S0expr_1/main/S0/T33/string/p1/7[expr_1/main/S0expr_1/main/S0/T33/string/index/p1/0,expr_1/main/S0expr_1/main/S0/T33/string/index/p1/1,expr_1/main/S0expr_1/main/S0/T33/string/index/p1/2,expr_1/main/S0expr_1/main/S0/T33/string/index/p1/3];
expr_1/main/S0expr_1/main/S0/T33/string/index/p1/0 = expr_1/main/S0/i_0;
expr_1/main/S0expr_1/main/S0/T33/string/index/p1/1 = expr_1/main/S0/i_1;
expr_1/main/S0expr_1/main/S0/T33/string/index/p1/2 = expr_1/main/S0/i_2;
expr_1/main/S0expr_1/main/S0/T33/string/index/p1/3 = expr_1/main/S0/i_3;
expr_1/main/S0/T37/car/4 = (expr_1/main/S0/i_3*expr_1/main/S0/i_2*expr_1/main/S0/i_0*expr_1/main/S0/i_1);
expr_1/main/S0/T37/car/7 = (expr_1/main/S0/i_6*expr_1/main/S0/i_5*expr_1/main/S0/i_4*expr_1/main/S0/T37/car/4);
expr_1/main/S0/T37/car/8 = (expr_1/main/S0/i_7*expr_1/main/S0/T37/car/7);
expr_1/main/S0/T48/add/3 = (~expr_1/main/S0/i_11*expr_1/main/S0/i_10*expr_1/main/S0/i_8*expr_1/main/S0/i_9)+(expr_1/main/S0/i_11*~expr_1/main/S0/i_9)+(expr_1/main/S0/i_11*~expr_1/main/S0/i_8)+(expr_1/main/S0/i_11*~expr_1/main/S0/i_10);
expr_1/main/S0/T48/add/6 = (~expr_1/main/S0/i_14*expr_1/main/S0/i_13*expr_1/main/S0/i_12*expr_1/main/S0/T49/car/4)+(expr_1/main/S0/i_14*~expr_1/main/S0/T49/car/4)+(expr_1/main/S0/i_14*~expr_1/main/S0/i_12)+(expr_1/main/S0/i_14*~expr_1/main/S0/i_13);
expr_1/main/S0/T49/car/4 = (expr_1/main/S0/i_11*expr_1/main/S0/i_10*expr_1/main/S0/i_8*expr_1/main/S0/i_9);
expr_1/main/S0/T49/car/7 = (expr_1/main/S0/i_14*expr_1/main/S0/i_13*expr_1/main/S0/i_12*expr_1/main/S0/T49/car/4);
expr_1/main/S0/T60/car/4 = (expr_1/main/S0/i_2*expr_1/main/S0/i_0*expr_1/main/S0/i_1)+(~expr_1/main/S0/i_2*~expr_1/main/S0/i_1)+(~expr_1/main/S0/i_2*~expr_1/main/S0/i_0)+(~expr_1/main/S0/i_3);
expr_1/main/S0/T60/car/6 = (expr_1/main/S0/T60/car/4*~expr_1/main/S0/i_5*~expr_1/main/S0/i_4*~expr_1/main/S0/T37/car/4)+(expr_1/main/S0/T60/car/4*expr_1/main/S0/i_5*expr_1/main/S0/i_4*expr_1/main/S0/T37/car/4);
expr_1/main/S0/T60/car/8 = (expr_1/main/S0/T60/car/6*expr_1/main/S0/T62/comp/6*~expr_1/main/S0/i_7*~expr_1/main/S0/T37/car/7)+(expr_1/main/S0/T60/car/6*expr_1/main/S0/T62/comp/6*expr_1/main/S0/i_7*expr_1/main/S0/T37/car/7);
expr_1/main/S0/T62/comp/6 = (expr_1/main/S0/i_6*expr_1/main/S0/i_5*expr_1/main/S0/i_4*expr_1/main/S0/T37/car/4)+(~expr_1/main/S0/i_6*~expr_1/main/S0/T37/car/4)+(~expr_1/main/S0/i_6*~expr_1/main/S0/i_4)+(~expr_1/main/S0/i_6*~expr_1/main/S0/i_5);
expr_1/main/S0/T75/sub/7 = (expr_1/main/S0/T76/car/5*expr_1/main/S0/T78/comp/5*expr_1/main/S0/T78/comp/6*~expr_1/main/S0/i_15F0)+(~expr_1/main/S0/T78/comp/6*expr_1/main/S0/i_15F0)+(~expr_1/main/S0/T78/comp/5*expr_1/main/S0/i_15F0)+(~expr_1/main/S0/T76/car/5*expr_1/main/S0/i_15F0);
expr_1/main/S0/T76/car/2 = (expr_1/main/S0/i_7*expr_1/main/S0/T37/car/7*expr_1/main/S0/i_8*expr_1/main/S0/i_9)+(~expr_1/main/S0/T37/car/7*~expr_1/main/S0/i_8*~expr_1/main/S0/i_9)+(~expr_1/main/S0/i_7*~expr_1/main/S0/i_8*~expr_1/main/S0/i_9);
expr_1/main/S0/T76/car/5 = (expr_1/main/S0/T76/car/2*expr_1/main/S0/T78/comp/2*expr_1/main/S0/T78/comp/3*expr_1/main/S0/T78/comp/4);
expr_1/main/S0/T78/comp/2 = (expr_1/main/S0/T37/car/8*expr_1/main/S0/i_10*expr_1/main/S0/i_8*expr_1/main/S0/i_9)+(~expr_1/main/S0/i_10*~expr_1/main/S0/i_9)+(~expr_1/main/S0/i_10*~expr_1/main/S0/i_8)+(~expr_1/main/S0/T37/car/8*~expr_1/main/S0/i_10);
expr_1/main/S0/T78/comp/3 = (~expr_1/main/S0/T48/add/3*expr_1/main/S0/i_7*expr_1/main/S0/T37/car/7)+(~expr_1/main/S0/i_11*~expr_1/main/S0/T37/car/7)+(~expr_1/main/S0/i_11*~expr_1/main/S0/i_7)+(~expr_1/main/S0/i_11*~expr_1/main/S0/T48/add/3);
expr_1/main/S0/T78/comp/4 = (expr_1/main/S0/i_7*expr_1/main/S0/T37/car/7*expr_1/main/S0/i_12*expr_1/main/S0/T49/car/4)+(~expr_1/main/S0/i_12*~expr_1/main/S0/T49/car/4)+(~expr_1/main/S0/T37/car/7*~expr_1/main/S0/i_12)+(~expr_1/main/S0/i_7*~expr_1/main/S0/i_12);
expr_1/main/S0/T78/comp/5 = (expr_1/main/S0/T37/car/8*expr_1/main/S0/i_13*expr_1/main/S0/i_12*expr_1/main/S0/T49/car/4)+(~expr_1/main/S0/i_13*~expr_1/main/S0/T49/car/4)+(~expr_1/main/S0/i_13*~expr_1/main/S0/i_12)+(~expr_1/main/S0/T37/car/8*~expr_1/main/S0/i_13);
expr_1/main/S0/T78/comp/6 = (~expr_1/main/S0/T48/add/6*expr_1/main/S0/i_7*expr_1/main/S0/T37/car/7)+(~expr_1/main/S0/i_14*~expr_1/main/S0/T37/car/7)+(~expr_1/main/S0/i_14*~expr_1/main/S0/i_7)+(~expr_1/main/S0/i_14*~expr_1/main/S0/T48/add/6);
expr_1/main/S0/i_3F0 = (~expr_1/main/S0/i_3*expr_1/main/S0/i_2*expr_1/main/S0/i_0*expr_1/main/S0/i_1)+(expr_1/main/S0/i_3*~expr_1/main/S0/i_1)+(expr_1/main/S0/i_3*~expr_1/main/S0/i_0)+(expr_1/main/S0/i_3*~expr_1/main/S0/i_2);
expr_1/main/S0/i_6F0 = (~expr_1/main/S0/i_6*expr_1/main/S0/i_5*expr_1/main/S0/i_4*expr_1/main/S0/T37/car/4)+(expr_1/main/S0/i_6*~expr_1/main/S0/T37/car/4)+(expr_1/main/S0/i_6*~expr_1/main/S0/i_4)+(expr_1/main/S0/i_6*~expr_1/main/S0/i_5);
expr_1/main/S0/i_9F0 = (expr_1/main/S0/i_7*expr_1/main/S0/T37/car/7*expr_1/main/S0/i_8*~expr_1/main/S0/i_9)+(~expr_1/main/S0/i_8*expr_1/main/S0/i_9)+(~expr_1/main/S0/T37/car/7*expr_1/main/S0/i_9)+(~expr_1/main/S0/i_7*expr_1/main/S0/i_9);
expr_1/main/S0/i_10F0 = (expr_1/main/S0/T37/car/8*~expr_1/main/S0/i_10*expr_1/main/S0/i_8*expr_1/main/S0/i_9)+(expr_1/main/S0/i_10*~expr_1/main/S0/i_9)+(expr_1/main/S0/i_10*~expr_1/main/S0/i_8)+(~expr_1/main/S0/T37/car/8*expr_1/main/S0/i_10);
expr_1/main/S0/i_11F0 = (expr_1/main/S0/T48/add/3*expr_1/main/S0/i_7*expr_1/main/S0/T37/car/7)+(expr_1/main/S0/i_11*~expr_1/main/S0/T37/car/7)+(expr_1/main/S0/i_11*~expr_1/main/S0/i_7)+(expr_1/main/S0/i_11*expr_1/main/S0/T48/add/3);
expr_1/main/S0/i_12F0 = (expr_1/main/S0/i_7*expr_1/main/S0/T37/car/7*~expr_1/main/S0/i_12*expr_1/main/S0/T49/car/4)+(expr_1/main/S0/i_12*~expr_1/main/S0/T49/car/4)+(~expr_1/main/S0/T37/car/7*expr_1/main/S0/i_12)+(~expr_1/main/S0/i_7*expr_1/main/S0/i_12);
expr_1/main/S0/i_13F0 = (expr_1/main/S0/T37/car/8*~expr_1/main/S0/i_13*expr_1/main/S0/i_12*expr_1/main/S0/T49/car/4)+(expr_1/main/S0/i_13*~expr_1/main/S0/T49/car/4)+(expr_1/main/S0/i_13*~expr_1/main/S0/i_12)+(~expr_1/main/S0/T37/car/8*expr_1/main/S0/i_13);
expr_1/main/S0/i_14F0 = (expr_1/main/S0/T48/add/6*expr_1/main/S0/i_7*expr_1/main/S0/T37/car/7)+(expr_1/main/S0/i_14*~expr_1/main/S0/T37/car/7)+(expr_1/main/S0/i_14*~expr_1/main/S0/i_7)+(expr_1/main/S0/i_14*expr_1/main/S0/T48/add/6);
expr_1/main/S0/i_15F0 = (expr_1/main/S0/i_7*expr_1/main/S0/T37/car/7*~expr_1/main/S0/i_15*expr_1/main/S0/T49/car/7)+(expr_1/main/S0/i_15*~expr_1/main/S0/T49/car/7)+(~expr_1/main/S0/T37/car/7*expr_1/main/S0/i_15)+(~expr_1/main/S0/i_7*expr_1/main/S0/i_15);
expr_1/main/S0/T91/twoop = (expr_1/main/S0/T31/looptop*expr_1/main/S0/i_15F0*~expr_1/main/S0/T60/car/8)+(expr_1/main/S0/T31/looptop*expr_1/main/S0/i_15F0*expr_1/main/S0/T75/sub/7)+(expr_1/main/S0/T31/looptop*expr_1/main/S0/T60/car/8*expr_1/main/S0/T75/sub/7);
