// fpgac, 1.0.beta-3A  SVN: $Revision: 53 $, "Mon Sep  3 20:50:43 2007"
// part=4003pc84
expr_1/Running^CLK = VCC;
expr_1/T1/Start^CLK = ~expr_1/Running;
expr_1/state/C1 = expr_1/T1/Start;
port(io/out_0)^(CLK*expr_1/main/S0/state/C5) = expr_1/main/S0/xpr_1/main/S0/T33/string/p1_0;
port(io/out_1)^(CLK*expr_1/main/S0/state/C5) = expr_1/main/S0/xpr_1/main/S0/T33/string/p1_1;
port(io/out_2)^(CLK*expr_1/main/S0/state/C5) = expr_1/main/S0/xpr_1/main/S0/T33/string/p1_2;
port(io/out_3)^(CLK*expr_1/main/S0/state/C5) = expr_1/main/S0/xpr_1/main/S0/T33/string/p1_3;
port(io/out_4)^(CLK*expr_1/main/S0/state/C5) = expr_1/main/S0/xpr_1/main/S0/T33/string/p1_4;
port(io/out_5)^(CLK*expr_1/main/S0/state/C5) = expr_1/main/S0/xpr_1/main/S0/T33/string/p1_5;
port(io/out_6)^(CLK*expr_1/main/S0/state/C5) = expr_1/main/S0/xpr_1/main/S0/T33/string/p1_6;
port(io/out_7)^(CLK*expr_1/main/S0/state/C5) = expr_1/main/S0/xpr_1/main/S0/T33/string/p1_7;
expr_1/main/S0/i_0^(CLK*expr_1/main/S0/state/C5) = ~expr_1/main/S0/i_0;
expr_1/main/S0/i_1^(CLK*expr_1/main/S0/state/C5) = (expr_1/main/S0/i_0*~expr_1/main/S0/i_1)+(~expr_1/main/S0/i_0*expr_1/main/S0/i_1);
expr_1/main/S0/i_2^(CLK*expr_1/main/S0/state/C5) = (~expr_1/main/S0/i_2*expr_1/main/S0/i_0*expr_1/main/S0/i_1)+(expr_1/main/S0/i_2*~expr_1/main/S0/i_1)+(expr_1/main/S0/i_2*~expr_1/main/S0/i_0);
expr_1/main/S0/i_3^(CLK*expr_1/main/S0/state/C5) = expr_1/main/S0/i_3/F0;
expr_1/main/S0/i_4^(CLK*expr_1/main/S0/state/C5) = (expr_1/main/S0/i_4*~expr_1/main/S0/T37/car_4)+(~expr_1/main/S0/i_4*expr_1/main/S0/T37/car_4);
expr_1/main/S0/i_5^(CLK*expr_1/main/S0/state/C5) = (~expr_1/main/S0/i_5*expr_1/main/S0/i_4*expr_1/main/S0/T37/car_4)+(expr_1/main/S0/i_5*~expr_1/main/S0/T37/car_4)+(expr_1/main/S0/i_5*~expr_1/main/S0/i_4);
expr_1/main/S0/i_6^(CLK*expr_1/main/S0/state/C5) = expr_1/main/S0/i_6/F0;
expr_1/main/S0/i_7^(CLK*expr_1/main/S0/state/C5) = (expr_1/main/S0/i_7*~expr_1/main/S0/T37/car_7)+(~expr_1/main/S0/i_7*expr_1/main/S0/T37/car_7);
expr_1/main/S0/i_8^(CLK*expr_1/main/S0/state/C5) = (~expr_1/main/S0/i_8*expr_1/main/S0/i_7*expr_1/main/S0/T37/car_7)+(expr_1/main/S0/i_8*~expr_1/main/S0/T37/car_7)+(expr_1/main/S0/i_8*~expr_1/main/S0/i_7);
expr_1/main/S0/i_9^(CLK*expr_1/main/S0/state/C5) = expr_1/main/S0/i_9/F0;
expr_1/main/S0/i_10^(CLK*expr_1/main/S0/state/C5) = expr_1/main/S0/i_10/F0;
expr_1/main/S0/i_11^(CLK*expr_1/main/S0/state/C5) = expr_1/main/S0/i_11/F0;
expr_1/main/S0/i_12^(CLK*expr_1/main/S0/state/C5) = expr_1/main/S0/i_12/F0;
expr_1/main/S0/i_13^(CLK*expr_1/main/S0/state/C5) = expr_1/main/S0/i_13/F0;
expr_1/main/S0/i_14^(CLK*expr_1/main/S0/state/C5) = expr_1/main/S0/i_14/F0;
expr_1/main/S0/i_15^(CLK*expr_1/main/S0/state/C5) = expr_1/main/S0/i_15/F0;
expr_1/main/S0/T31/looptop^CLK = expr_1/state/C1;
expr_1/main/S0/state/C5 = (expr_1/T1/Start)+(expr_1/main/S0/T91/twoop);
expr_1/main/S0/T33/string_0 = GND;
expr_1/main/S0/T33/string_1 = GND;
expr_1/main/S0/T33/string_2 = GND;
expr_1/main/S0/T33/string_3 = GND;
expr_1/main/S0/T33/string_4 = GND;
expr_1/main/S0/T33/string_5 = GND;
expr_1/main/S0/T33/string_6 = GND;
expr_1/main/S0/T33/string_7 = GND;
expr_1/main/S0/xpr_1/main/S0/T33/string/index_p0_0^CLK = GND;
expr_1/main/S0/xpr_1/main/S0/T33/string/index_p0_1^CLK = GND;
expr_1/main/S0/xpr_1/main/S0/T33/string/index_p0_2^CLK = GND;
expr_1/main/S0/xpr_1/main/S0/T33/string/index_p0_3^CLK = GND;
expr_1/main/S0/xpr_1/main/S0/T33/string/p1_0 = (null)expr_1/main/S0/xpr_1/main/S0/T33/string/p1_0[expr_1/main/S0/xpr_1/main/S0/T33/string/index_p1_0,expr_1/main/S0/xpr_1/main/S0/T33/string/index_p1_1,expr_1/main/S0/xpr_1/main/S0/T33/string/index_p1_2,expr_1/main/S0/xpr_1/main/S0/T33/string/index_p1_3];
expr_1/main/S0/xpr_1/main/S0/T33/string/p1_1 = (null)expr_1/main/S0/xpr_1/main/S0/T33/string/p1_1[expr_1/main/S0/xpr_1/main/S0/T33/string/index_p1_0,expr_1/main/S0/xpr_1/main/S0/T33/string/index_p1_1,expr_1/main/S0/xpr_1/main/S0/T33/string/index_p1_2,expr_1/main/S0/xpr_1/main/S0/T33/string/index_p1_3];
expr_1/main/S0/xpr_1/main/S0/T33/string/p1_2 = (null)expr_1/main/S0/xpr_1/main/S0/T33/string/p1_2[expr_1/main/S0/xpr_1/main/S0/T33/string/index_p1_0,expr_1/main/S0/xpr_1/main/S0/T33/string/index_p1_1,expr_1/main/S0/xpr_1/main/S0/T33/string/index_p1_2,expr_1/main/S0/xpr_1/main/S0/T33/string/index_p1_3];
expr_1/main/S0/xpr_1/main/S0/T33/string/p1_3 = (null)expr_1/main/S0/xpr_1/main/S0/T33/string/p1_3[expr_1/main/S0/xpr_1/main/S0/T33/string/index_p1_0,expr_1/main/S0/xpr_1/main/S0/T33/string/index_p1_1,expr_1/main/S0/xpr_1/main/S0/T33/string/index_p1_2,expr_1/main/S0/xpr_1/main/S0/T33/string/index_p1_3];
expr_1/main/S0/xpr_1/main/S0/T33/string/p1_4 = (null)expr_1/main/S0/xpr_1/main/S0/T33/string/p1_4[expr_1/main/S0/xpr_1/main/S0/T33/string/index_p1_0,expr_1/main/S0/xpr_1/main/S0/T33/string/index_p1_1,expr_1/main/S0/xpr_1/main/S0/T33/string/index_p1_2,expr_1/main/S0/xpr_1/main/S0/T33/string/index_p1_3];
expr_1/main/S0/xpr_1/main/S0/T33/string/p1_5 = (null)expr_1/main/S0/xpr_1/main/S0/T33/string/p1_5[expr_1/main/S0/xpr_1/main/S0/T33/string/index_p1_0,expr_1/main/S0/xpr_1/main/S0/T33/string/index_p1_1,expr_1/main/S0/xpr_1/main/S0/T33/string/index_p1_2,expr_1/main/S0/xpr_1/main/S0/T33/string/index_p1_3];
expr_1/main/S0/xpr_1/main/S0/T33/string/p1_6 = (null)expr_1/main/S0/xpr_1/main/S0/T33/string/p1_6[expr_1/main/S0/xpr_1/main/S0/T33/string/index_p1_0,expr_1/main/S0/xpr_1/main/S0/T33/string/index_p1_1,expr_1/main/S0/xpr_1/main/S0/T33/string/index_p1_2,expr_1/main/S0/xpr_1/main/S0/T33/string/index_p1_3];
expr_1/main/S0/xpr_1/main/S0/T33/string/p1_7 = (null)expr_1/main/S0/xpr_1/main/S0/T33/string/p1_7[expr_1/main/S0/xpr_1/main/S0/T33/string/index_p1_0,expr_1/main/S0/xpr_1/main/S0/T33/string/index_p1_1,expr_1/main/S0/xpr_1/main/S0/T33/string/index_p1_2,expr_1/main/S0/xpr_1/main/S0/T33/string/index_p1_3];
expr_1/main/S0/xpr_1/main/S0/T33/string/index_p1_0 = expr_1/main/S0/i_0;
expr_1/main/S0/xpr_1/main/S0/T33/string/index_p1_1 = expr_1/main/S0/i_1;
expr_1/main/S0/xpr_1/main/S0/T33/string/index_p1_2 = expr_1/main/S0/i_2;
expr_1/main/S0/xpr_1/main/S0/T33/string/index_p1_3 = expr_1/main/S0/i_3;
expr_1/main/S0/T37/car_4 = (expr_1/main/S0/i_3*expr_1/main/S0/i_2*expr_1/main/S0/i_0*expr_1/main/S0/i_1);
expr_1/main/S0/T37/car_7 = (expr_1/main/S0/i_6*expr_1/main/S0/i_5*expr_1/main/S0/i_4*expr_1/main/S0/T37/car_4);
expr_1/main/S0/T37/car_8 = (expr_1/main/S0/i_7*expr_1/main/S0/T37/car_7);
expr_1/main/S0/T48/add_3 = (~expr_1/main/S0/i_11*expr_1/main/S0/i_10*expr_1/main/S0/i_8*expr_1/main/S0/i_9)+(expr_1/main/S0/i_11*~expr_1/main/S0/i_9)+(expr_1/main/S0/i_11*~expr_1/main/S0/i_8)+(expr_1/main/S0/i_11*~expr_1/main/S0/i_10);
expr_1/main/S0/T48/add_6 = (~expr_1/main/S0/i_14*expr_1/main/S0/i_13*expr_1/main/S0/i_12*expr_1/main/S0/T49/car_4)+(expr_1/main/S0/i_14*~expr_1/main/S0/T49/car_4)+(expr_1/main/S0/i_14*~expr_1/main/S0/i_12)+(expr_1/main/S0/i_14*~expr_1/main/S0/i_13);
expr_1/main/S0/T49/car_4 = (expr_1/main/S0/i_11*expr_1/main/S0/i_10*expr_1/main/S0/i_8*expr_1/main/S0/i_9);
expr_1/main/S0/T49/car_7 = (expr_1/main/S0/i_14*expr_1/main/S0/i_13*expr_1/main/S0/i_12*expr_1/main/S0/T49/car_4);
expr_1/main/S0/T60/car_4 = (expr_1/main/S0/i_2*expr_1/main/S0/i_0*expr_1/main/S0/i_1)+(~expr_1/main/S0/i_2*~expr_1/main/S0/i_1)+(~expr_1/main/S0/i_2*~expr_1/main/S0/i_0)+(~expr_1/main/S0/i_3);
expr_1/main/S0/T60/car_6 = (expr_1/main/S0/T60/car_4*~expr_1/main/S0/i_5*~expr_1/main/S0/i_4*~expr_1/main/S0/T37/car_4)+(expr_1/main/S0/T60/car_4*expr_1/main/S0/i_5*expr_1/main/S0/i_4*expr_1/main/S0/T37/car_4);
expr_1/main/S0/T60/car_8 = (expr_1/main/S0/T60/car_6*expr_1/main/S0/T62/comp_6*~expr_1/main/S0/i_7*~expr_1/main/S0/T37/car_7)+(expr_1/main/S0/T60/car_6*expr_1/main/S0/T62/comp_6*expr_1/main/S0/i_7*expr_1/main/S0/T37/car_7);
expr_1/main/S0/T62/comp_6 = (expr_1/main/S0/i_6*expr_1/main/S0/i_5*expr_1/main/S0/i_4*expr_1/main/S0/T37/car_4)+(~expr_1/main/S0/i_6*~expr_1/main/S0/T37/car_4)+(~expr_1/main/S0/i_6*~expr_1/main/S0/i_4)+(~expr_1/main/S0/i_6*~expr_1/main/S0/i_5);
expr_1/main/S0/T75/sub_7 = (expr_1/main/S0/T76/car_5*expr_1/main/S0/T78/comp_5*expr_1/main/S0/T78/comp_6*~expr_1/main/S0/i_15/F0)+(~expr_1/main/S0/T78/comp_6*expr_1/main/S0/i_15/F0)+(~expr_1/main/S0/T78/comp_5*expr_1/main/S0/i_15/F0)+(~expr_1/main/S0/T76/car_5*expr_1/main/S0/i_15/F0);
expr_1/main/S0/T76/car_2 = (expr_1/main/S0/i_7*expr_1/main/S0/T37/car_7*expr_1/main/S0/i_8*expr_1/main/S0/i_9)+(~expr_1/main/S0/T37/car_7*~expr_1/main/S0/i_8*~expr_1/main/S0/i_9)+(~expr_1/main/S0/i_7*~expr_1/main/S0/i_8*~expr_1/main/S0/i_9);
expr_1/main/S0/T76/car_5 = (expr_1/main/S0/T76/car_2*expr_1/main/S0/T78/comp_2*expr_1/main/S0/T78/comp_3*expr_1/main/S0/T78/comp_4);
expr_1/main/S0/T78/comp_2 = (expr_1/main/S0/T37/car_8*expr_1/main/S0/i_10*expr_1/main/S0/i_8*expr_1/main/S0/i_9)+(~expr_1/main/S0/i_10*~expr_1/main/S0/i_9)+(~expr_1/main/S0/i_10*~expr_1/main/S0/i_8)+(~expr_1/main/S0/T37/car_8*~expr_1/main/S0/i_10);
expr_1/main/S0/T78/comp_3 = (~expr_1/main/S0/T48/add_3*expr_1/main/S0/i_7*expr_1/main/S0/T37/car_7)+(~expr_1/main/S0/i_11*~expr_1/main/S0/T37/car_7)+(~expr_1/main/S0/i_11*~expr_1/main/S0/i_7)+(~expr_1/main/S0/i_11*~expr_1/main/S0/T48/add_3);
expr_1/main/S0/T78/comp_4 = (expr_1/main/S0/i_7*expr_1/main/S0/T37/car_7*expr_1/main/S0/i_12*expr_1/main/S0/T49/car_4)+(~expr_1/main/S0/i_12*~expr_1/main/S0/T49/car_4)+(~expr_1/main/S0/T37/car_7*~expr_1/main/S0/i_12)+(~expr_1/main/S0/i_7*~expr_1/main/S0/i_12);
expr_1/main/S0/T78/comp_5 = (expr_1/main/S0/T37/car_8*expr_1/main/S0/i_13*expr_1/main/S0/i_12*expr_1/main/S0/T49/car_4)+(~expr_1/main/S0/i_13*~expr_1/main/S0/T49/car_4)+(~expr_1/main/S0/i_13*~expr_1/main/S0/i_12)+(~expr_1/main/S0/T37/car_8*~expr_1/main/S0/i_13);
expr_1/main/S0/T78/comp_6 = (~expr_1/main/S0/T48/add_6*expr_1/main/S0/i_7*expr_1/main/S0/T37/car_7)+(~expr_1/main/S0/i_14*~expr_1/main/S0/T37/car_7)+(~expr_1/main/S0/i_14*~expr_1/main/S0/i_7)+(~expr_1/main/S0/i_14*~expr_1/main/S0/T48/add_6);
expr_1/main/S0/i_3/F0 = (~expr_1/main/S0/i_3*expr_1/main/S0/i_2*expr_1/main/S0/i_0*expr_1/main/S0/i_1)+(expr_1/main/S0/i_3*~expr_1/main/S0/i_1)+(expr_1/main/S0/i_3*~expr_1/main/S0/i_0)+(expr_1/main/S0/i_3*~expr_1/main/S0/i_2);
expr_1/main/S0/i_6/F0 = (~expr_1/main/S0/i_6*expr_1/main/S0/i_5*expr_1/main/S0/i_4*expr_1/main/S0/T37/car_4)+(expr_1/main/S0/i_6*~expr_1/main/S0/T37/car_4)+(expr_1/main/S0/i_6*~expr_1/main/S0/i_4)+(expr_1/main/S0/i_6*~expr_1/main/S0/i_5);
expr_1/main/S0/i_9/F0 = (expr_1/main/S0/i_7*expr_1/main/S0/T37/car_7*expr_1/main/S0/i_8*~expr_1/main/S0/i_9)+(~expr_1/main/S0/i_8*expr_1/main/S0/i_9)+(~expr_1/main/S0/T37/car_7*expr_1/main/S0/i_9)+(~expr_1/main/S0/i_7*expr_1/main/S0/i_9);
expr_1/main/S0/i_10/F0 = (expr_1/main/S0/T37/car_8*~expr_1/main/S0/i_10*expr_1/main/S0/i_8*expr_1/main/S0/i_9)+(expr_1/main/S0/i_10*~expr_1/main/S0/i_9)+(expr_1/main/S0/i_10*~expr_1/main/S0/i_8)+(~expr_1/main/S0/T37/car_8*expr_1/main/S0/i_10);
expr_1/main/S0/i_11/F0 = (expr_1/main/S0/T48/add_3*expr_1/main/S0/i_7*expr_1/main/S0/T37/car_7)+(expr_1/main/S0/i_11*~expr_1/main/S0/T37/car_7)+(expr_1/main/S0/i_11*~expr_1/main/S0/i_7)+(expr_1/main/S0/i_11*expr_1/main/S0/T48/add_3);
expr_1/main/S0/i_12/F0 = (expr_1/main/S0/i_7*expr_1/main/S0/T37/car_7*~expr_1/main/S0/i_12*expr_1/main/S0/T49/car_4)+(expr_1/main/S0/i_12*~expr_1/main/S0/T49/car_4)+(~expr_1/main/S0/T37/car_7*expr_1/main/S0/i_12)+(~expr_1/main/S0/i_7*expr_1/main/S0/i_12);
expr_1/main/S0/i_13/F0 = (expr_1/main/S0/T37/car_8*~expr_1/main/S0/i_13*expr_1/main/S0/i_12*expr_1/main/S0/T49/car_4)+(expr_1/main/S0/i_13*~expr_1/main/S0/T49/car_4)+(expr_1/main/S0/i_13*~expr_1/main/S0/i_12)+(~expr_1/main/S0/T37/car_8*expr_1/main/S0/i_13);
expr_1/main/S0/i_14/F0 = (expr_1/main/S0/T48/add_6*expr_1/main/S0/i_7*expr_1/main/S0/T37/car_7)+(expr_1/main/S0/i_14*~expr_1/main/S0/T37/car_7)+(expr_1/main/S0/i_14*~expr_1/main/S0/i_7)+(expr_1/main/S0/i_14*expr_1/main/S0/T48/add_6);
expr_1/main/S0/i_15/F0 = (expr_1/main/S0/i_7*expr_1/main/S0/T37/car_7*~expr_1/main/S0/i_15*expr_1/main/S0/T49/car_7)+(expr_1/main/S0/i_15*~expr_1/main/S0/T49/car_7)+(~expr_1/main/S0/T37/car_7*expr_1/main/S0/i_15)+(~expr_1/main/S0/i_7*expr_1/main/S0/i_15);
expr_1/main/S0/T91/twoop = (expr_1/main/S0/T31/looptop*expr_1/main/S0/i_15/F0*~expr_1/main/S0/T60/car_8)+(expr_1/main/S0/T31/looptop*expr_1/main/S0/i_15/F0*expr_1/main/S0/T75/sub_7)+(expr_1/main/S0/T31/looptop*expr_1/main/S0/T60/car_8*expr_1/main/S0/T75/sub_7);
