// fpgac, 1.0.beta-3A  SVN: $Revision: 53 $, "Sun Aug 19 17:31:10 2007"
// part=4003pc84
ioports_1/Running^CLK = VCC;
ioports_1/T1/Start^CLK = ~ioports_1/Running;
ioports_1/state/C1 = ioports_1/T1/Start;
if(~io/T0/enable) port(io/t) = io/t^CLK = port(io/t);
io/T0/enable^(CLK*ioports_1/main/S0/T1/endloop) = VCC;
io/i = port(io/i);
port(io/out)^(CLK*ioports_1/main/S0/T0/looptop) = io/t;
ioports_1/main/S0/T0/looptop^CLK = (ioports_1/main/S0/T0/looptop*io/i)+(io/i*ioports_1/state/C1);
ioports_1/main/S0/T1/endloop^CLK = (ioports_1/main/S0/T0/looptop*~io/i)+(~io/i*ioports_1/state/C1);
