// fpgac, 1.0.beta-3A  SVN: $Revision: 53 $, "Tue Aug  1 21:10:15 2006"
// part=4003pc84
test/Running^CLK = VCC;
test/T1/Start^CLK = ~test/Running;
test/state/C1 = test/T1/Start;
io/a^CLK = port(io/a);
io/b^CLK = port(io/b);
io/c^CLK = port(io/c);
port(io/out1)^CLK = (test/T10/twoop*io/b*io/a)+(test/main/S0/T14/looptop*io/b*io/a)+(test/T10/twoop*~test/main/S0/T14/looptop);
port(io/out2)^(CLK*test/main/S0/S0/T2/looptop) = (io/c*io/a);
test/main/S0/T1/looptop^CLK = (test/main/S0/S0/T3/endloop*io/c)+(test/state/C1*io/c)+(test/main/S0/S0/T3/endloop*io/b)+(test/state/C1*io/b);
test/main/S0/T2/endloop^CLK = (test/main/S0/S0/T3/endloop*~io/c*~io/b)+(test/state/C1*~io/c*~io/b);
test/main/S0/S0/T2/looptop^CLK = (test/main/S0/S0/T2/looptop*io/a)+(io/a*test/main/S0/T1/looptop);
test/main/S0/S0/T3/endloop^CLK = (test/main/S0/S0/T2/looptop*~io/a)+(~io/a*test/main/S0/T1/looptop);
test/main/S0/T14/looptop^CLK = (test/main/S0/T14/looptop*io/b)+(test/main/S0/T2/endloop*io/b)+(test/main/S0/T14/looptop*io/a)+(test/main/S0/T2/endloop*io/a);
test/T10/twoop = (io/out1*io/c*io/b)+(test/main/S0/T1/looptop*io/c*io/b)+(io/out1*~test/main/S0/T1/looptop);
