// fpgac, 1.0.beta-3A  SVN: $Revision: 53 $, "Tue Aug  1 21:10:17 2006"
// part=4003pc84
sixtyfourbit_1/Running^CLK = VCC;
sixtyfourbit_1/T1/Start^CLK = ~sixtyfourbit_1/Running;
sixtyfourbit_1/state/C1 = sixtyfourbit_1/T1/Start;
port(io/port_0)^CLK = GND;
port(io/port_1)^CLK = GND;
port(io/port_2)^CLK = GND;
port(io/port_3)^CLK = GND;
port(io/port_4)^(CLK*sixtyfourbit_1/state/C1) = VCC;
port(io/port_5)^CLK = GND;
port(io/port_6)^CLK = GND;
port(io/port_7)^CLK = GND;
port(io/port_8)^CLK = GND;
port(io/port_9)^(CLK*sixtyfourbit_1/state/C1) = VCC;
port(io/port_10)^CLK = GND;
port(io/port_11)^CLK = GND;
port(io/port_12)^(CLK*sixtyfourbit_1/state/C1) = VCC;
port(io/port_13)^(CLK*sixtyfourbit_1/state/C1) = VCC;
port(io/port_14)^CLK = GND;
port(io/port_15)^CLK = GND;
port(io/port_16)^CLK = GND;
port(io/port_17)^CLK = GND;
port(io/port_18)^(CLK*sixtyfourbit_1/state/C1) = VCC;
port(io/port_19)^CLK = GND;
port(io/port_20)^(CLK*sixtyfourbit_1/state/C1) = VCC;
port(io/port_21)^CLK = GND;
port(io/port_22)^(CLK*sixtyfourbit_1/state/C1) = VCC;
port(io/port_23)^CLK = GND;
port(io/port_24)^CLK = GND;
port(io/port_25)^(CLK*sixtyfourbit_1/state/C1) = VCC;
port(io/port_26)^(CLK*sixtyfourbit_1/state/C1) = VCC;
port(io/port_27)^CLK = GND;
port(io/port_28)^(CLK*sixtyfourbit_1/state/C1) = VCC;
port(io/port_29)^(CLK*sixtyfourbit_1/state/C1) = VCC;
port(io/port_30)^(CLK*sixtyfourbit_1/state/C1) = VCC;
port(io/port_31)^CLK = GND;
port(io/port_32)^CLK = GND;
port(io/port_33)^CLK = GND;
port(io/port_34)^CLK = GND;
port(io/port_35)^(CLK*sixtyfourbit_1/state/C1) = VCC;
port(io/port_36)^(CLK*sixtyfourbit_1/state/C1) = VCC;
port(io/port_37)^CLK = GND;
port(io/port_38)^CLK = GND;
port(io/port_39)^(CLK*sixtyfourbit_1/state/C1) = VCC;
port(io/port_40)^CLK = GND;
port(io/port_41)^(CLK*sixtyfourbit_1/state/C1) = VCC;
port(io/port_42)^CLK = GND;
port(io/port_43)^(CLK*sixtyfourbit_1/state/C1) = VCC;
port(io/port_44)^(CLK*sixtyfourbit_1/state/C1) = VCC;
port(io/port_45)^(CLK*sixtyfourbit_1/state/C1) = VCC;
port(io/port_46)^CLK = GND;
port(io/port_47)^(CLK*sixtyfourbit_1/state/C1) = VCC;
port(io/port_48)^CLK = GND;
port(io/port_49)^CLK = GND;
port(io/port_50)^(CLK*sixtyfourbit_1/state/C1) = VCC;
port(io/port_51)^(CLK*sixtyfourbit_1/state/C1) = VCC;
port(io/port_52)^(CLK*sixtyfourbit_1/state/C1) = VCC;
port(io/port_53)^CLK = GND;
port(io/port_54)^(CLK*sixtyfourbit_1/state/C1) = VCC;
port(io/port_55)^(CLK*sixtyfourbit_1/state/C1) = VCC;
port(io/port_56)^CLK = GND;
port(io/port_57)^(CLK*sixtyfourbit_1/state/C1) = VCC;
port(io/port_58)^(CLK*sixtyfourbit_1/state/C1) = VCC;
port(io/port_59)^(CLK*sixtyfourbit_1/state/C1) = VCC;
port(io/port_60)^(CLK*sixtyfourbit_1/state/C1) = VCC;
port(io/port_61)^(CLK*sixtyfourbit_1/state/C1) = VCC;
port(io/port_62)^(CLK*sixtyfourbit_1/state/C1) = VCC;
port(io/port_63)^(CLK*sixtyfourbit_1/state/C1) = VCC;
