// fpgac, 1.0.beta-3A  SVN: $Revision: 53 $, "Tue Aug  1 18:09:05 2006"
// part=4003pc84
volatile_1_Running^CLK = VCC;
volatile_1_T1__Start^CLK = ~volatile_1_Running;
volatile_1__state_C1 = volatile_1_T1__Start;
port(out)^CLK = (volatile_1_T14_word_1)+(volatile_1_main_S0_T3_volatile)+(volatile_1_T1__Start);
volatile_1_main_S0_T1_volatile^CLK = volatile_1__state_C1;
volatile_1_main_S0_T3_volatile^CLK = volatile_1_main_S0_T1_volatile;
volatile_1_main_S0_T5_volatile^CLK = volatile_1_main_S0_T3_volatile;
volatile_1_T14_word_1 = (out*~volatile_1_main_S0_T5_volatile*~volatile_1_main_S0_T1_volatile);
